###############################################################################
#
# IAR ELF Linker V8.40.1.212/W32 for ARM                  26/Dec/2024  18:41:21
# Copyright 2007-2019 IAR Systems AB.
#
#    Output file  =
#        E:\AnyID\Git\RP3423_MB\RP3423_MB\RP3423_MB\Build\Exe\RP3423_MB.out
#    Map file     =
#        E:\AnyID\Git\RP3423_MB\RP3423_MB\RP3423_MB\Build\List\RP3423_MB.map
#    Command line =
#        -f C:\Users\swnw\AppData\Local\Temp\EWAA24.tmp
#        (E:\AnyID\Git\RP3423_MB\RP3423_MB\RP3423_MB\Build\Obj\AnyID_CanFestival_Can_HL.o
#        E:\AnyID\Git\RP3423_MB\RP3423_MB\RP3423_MB\Build\Obj\AnyID_CanFestival_Device.o
#        E:\AnyID\Git\RP3423_MB\RP3423_MB\RP3423_MB\Build\Obj\AnyID_CanFestival_Flash.o
#        E:\AnyID\Git\RP3423_MB\RP3423_MB\RP3423_MB\Build\Obj\AnyID_CanFestival_Flash_HL.o
#        E:\AnyID\Git\RP3423_MB\RP3423_MB\RP3423_MB\Build\Obj\AnyID_CanFestival_FlashM25.o
#        E:\AnyID\Git\RP3423_MB\RP3423_MB\RP3423_MB\Build\Obj\AnyID_CanFestival_FRam.o
#        E:\AnyID\Git\RP3423_MB\RP3423_MB\RP3423_MB\Build\Obj\AnyID_CanFestival_FRam_HL.o
#        E:\AnyID\Git\RP3423_MB\RP3423_MB\RP3423_MB\Build\Obj\AnyID_CanFestival_Lan.o
#        E:\AnyID\Git\RP3423_MB\RP3423_MB\RP3423_MB\Build\Obj\AnyID_CanFestival_Lan_HL.o
#        E:\AnyID\Git\RP3423_MB\RP3423_MB\RP3423_MB\Build\Obj\AnyID_CanFestival_Periph_HL.o
#        E:\AnyID\Git\RP3423_MB\RP3423_MB\RP3423_MB\Build\Obj\AnyID_CanFestival_SysCfg.o
#        E:\AnyID\Git\RP3423_MB\RP3423_MB\RP3423_MB\Build\Obj\AnyID_CanFestival_Tim_HL.o
#        E:\AnyID\Git\RP3423_MB\RP3423_MB\RP3423_MB\Build\Obj\AnyID_CanFestival_Uart.o
#        E:\AnyID\Git\RP3423_MB\RP3423_MB\RP3423_MB\Build\Obj\AnyID_CanFestival_Uart_HL.o
#        E:\AnyID\Git\RP3423_MB\RP3423_MB\RP3423_MB\Build\Obj\AnyID_CanFestival_Uart_Receive.o
#        E:\AnyID\Git\RP3423_MB\RP3423_MB\RP3423_MB\Build\Obj\AnyID_CanFestival_WDG_HL.o
#        E:\AnyID\Git\RP3423_MB\RP3423_MB\RP3423_MB\Build\Obj\AnyID_CanFestival_Wifi.o
#        E:\AnyID\Git\RP3423_MB\RP3423_MB\RP3423_MB\Build\Obj\AnyID_CanFestival_Wifi_HL.o
#        E:\AnyID\Git\RP3423_MB\RP3423_MB\RP3423_MB\Build\Obj\AnyID_FRam.o
#        E:\AnyID\Git\RP3423_MB\RP3423_MB\RP3423_MB\Build\Obj\AnyID_Stdlib.o
#        E:\AnyID\Git\RP3423_MB\RP3423_MB\RP3423_MB\Build\Obj\croutine.o
#        E:\AnyID\Git\RP3423_MB\RP3423_MB\RP3423_MB\Build\Obj\event_groups.o
#        E:\AnyID\Git\RP3423_MB\RP3423_MB\RP3423_MB\Build\Obj\heap_4.o
#        E:\AnyID\Git\RP3423_MB\RP3423_MB\RP3423_MB\Build\Obj\list.o
#        E:\AnyID\Git\RP3423_MB\RP3423_MB\RP3423_MB\Build\Obj\main.o
#        E:\AnyID\Git\RP3423_MB\RP3423_MB\RP3423_MB\Build\Obj\misc.o
#        E:\AnyID\Git\RP3423_MB\RP3423_MB\RP3423_MB\Build\Obj\port.o
#        E:\AnyID\Git\RP3423_MB\RP3423_MB\RP3423_MB\Build\Obj\portasm.o
#        E:\AnyID\Git\RP3423_MB\RP3423_MB\RP3423_MB\Build\Obj\queue.o
#        E:\AnyID\Git\RP3423_MB\RP3423_MB\RP3423_MB\Build\Obj\Rtos_HL.o
#        E:\AnyID\Git\RP3423_MB\RP3423_MB\RP3423_MB\Build\Obj\startup_stm32f10x_hd.o
#        E:\AnyID\Git\RP3423_MB\RP3423_MB\RP3423_MB\Build\Obj\stm32f10x_adc.o
#        E:\AnyID\Git\RP3423_MB\RP3423_MB\RP3423_MB\Build\Obj\stm32f10x_bkp.o
#        E:\AnyID\Git\RP3423_MB\RP3423_MB\RP3423_MB\Build\Obj\stm32f10x_can.o
#        E:\AnyID\Git\RP3423_MB\RP3423_MB\RP3423_MB\Build\Obj\stm32f10x_cec.o
#        E:\AnyID\Git\RP3423_MB\RP3423_MB\RP3423_MB\Build\Obj\stm32f10x_crc.o
#        E:\AnyID\Git\RP3423_MB\RP3423_MB\RP3423_MB\Build\Obj\stm32f10x_dac.o
#        E:\AnyID\Git\RP3423_MB\RP3423_MB\RP3423_MB\Build\Obj\stm32f10x_dbgmcu.o
#        E:\AnyID\Git\RP3423_MB\RP3423_MB\RP3423_MB\Build\Obj\stm32f10x_dma.o
#        E:\AnyID\Git\RP3423_MB\RP3423_MB\RP3423_MB\Build\Obj\stm32f10x_exti.o
#        E:\AnyID\Git\RP3423_MB\RP3423_MB\RP3423_MB\Build\Obj\stm32f10x_flash.o
#        E:\AnyID\Git\RP3423_MB\RP3423_MB\RP3423_MB\Build\Obj\stm32f10x_fsmc.o
#        E:\AnyID\Git\RP3423_MB\RP3423_MB\RP3423_MB\Build\Obj\stm32f10x_gpio.o
#        E:\AnyID\Git\RP3423_MB\RP3423_MB\RP3423_MB\Build\Obj\stm32f10x_i2c.o
#        E:\AnyID\Git\RP3423_MB\RP3423_MB\RP3423_MB\Build\Obj\stm32f10x_it.o
#        E:\AnyID\Git\RP3423_MB\RP3423_MB\RP3423_MB\Build\Obj\stm32f10x_iwdg.o
#        E:\AnyID\Git\RP3423_MB\RP3423_MB\RP3423_MB\Build\Obj\stm32f10x_pwr.o
#        E:\AnyID\Git\RP3423_MB\RP3423_MB\RP3423_MB\Build\Obj\stm32f10x_rcc.o
#        E:\AnyID\Git\RP3423_MB\RP3423_MB\RP3423_MB\Build\Obj\stm32f10x_rtc.o
#        E:\AnyID\Git\RP3423_MB\RP3423_MB\RP3423_MB\Build\Obj\stm32f10x_sdio.o
#        E:\AnyID\Git\RP3423_MB\RP3423_MB\RP3423_MB\Build\Obj\stm32f10x_spi.o
#        E:\AnyID\Git\RP3423_MB\RP3423_MB\RP3423_MB\Build\Obj\stm32f10x_tim.o
#        E:\AnyID\Git\RP3423_MB\RP3423_MB\RP3423_MB\Build\Obj\stm32f10x_usart.o
#        E:\AnyID\Git\RP3423_MB\RP3423_MB\RP3423_MB\Build\Obj\stm32f10x_wwdg.o
#        E:\AnyID\Git\RP3423_MB\RP3423_MB\RP3423_MB\Build\Obj\stream_buffer.o
#        E:\AnyID\Git\RP3423_MB\RP3423_MB\RP3423_MB\Build\Obj\system_stm32f10x.o
#        E:\AnyID\Git\RP3423_MB\RP3423_MB\RP3423_MB\Build\Obj\tasks.o
#        E:\AnyID\Git\RP3423_MB\RP3423_MB\RP3423_MB\Build\Obj\timers.o
#        --redirect _Printf=_PrintfFull --redirect _Scanf=_ScanfFull
#        --no_out_extension -o
#        E:\AnyID\Git\RP3423_MB\RP3423_MB\RP3423_MB\Build\Exe\RP3423_MB.out
#        --map
#        E:\AnyID\Git\RP3423_MB\RP3423_MB\RP3423_MB\Build\List\RP3423_MB.map
#        --config E:\AnyID\Git\RP3423_MB\RP3423_MB\RP3423_MB\GD32F303xC.icf
#        --semihosting --entry __iar_program_start --vfe --text_out locale)
#
###############################################################################

*******************************************************************************
*** RUNTIME MODEL ATTRIBUTES
***

CppFlavor       = *
__SystemLibrary = DLib
__dlib_version  = 6


*******************************************************************************
*** HEAP SELECTION
***

The basic heap was selected because no calls to memory allocation
functions were found in the application outside of system library
functions, and there are calls to deallocation functions in the
application.


*******************************************************************************
*** PLACEMENT SUMMARY
***

"A0":  place at address 0x800'4000 { ro section .intvec };
"P1":  place in [from 0x800'4000 to 0x803'ffff] { ro };
define block CSTACK with size = 8K, alignment = 8 { };
define block HEAP with size = 8K, alignment = 8 { };
"P2":  place in [from 0x2000'0000 to 0x2000'bfff] {
          rw, block CSTACK, block HEAP };
initialize by copy { rw };

  Section            Kind         Address    Size  Object
  -------            ----         -------    ----  ------
"A0":                                       0x130
  .intvec            ro code   0x800'4000   0x130  startup_stm32f10x_hd.o [1]
                             - 0x800'4130   0x130

"P1", part 1 of 2:                           0xcd
  .text              ro code   0x800'4130    0x66  ABImemset.o [4]
  Initializer bytes  const     0x800'4196    0x67  <for P2-1>
                             - 0x800'41fd    0xcd

Absolute sections:                           0x32
  .rodata            const     0x800'5000    0x32  AnyID_CanFestival_Device.o [1]
                             - 0x800'5032    0x32

"P1", part 2 of 2:                         0x9f7c
  .text              ro code   0x800'5034  0x134c  AnyID_CanFestival_Device.o [1]
  .text              ro code   0x800'6380   0x2b0  AnyID_CanFestival_Can_HL.o [1]
  .text              ro code   0x800'6630    0x3a  zero_init3.o [4]
  .text              ro code   0x800'666c    0xa6  ABImemcpy.o [4]
  .text              ro code   0x800'6712   0x236  AnyID_FRam.o [1]
  .text              ro code   0x800'6948    0x48  AnyID_Stdlib.o [1]
  .text              ro code   0x800'6990   0x140  AnyID_CanFestival_FRam.o [1]
  .text              ro code   0x800'6ad0   0xdd0  queue.o [1]
  .text              ro code   0x800'78a0    0xa4  rand.o [2]
  .text              ro code   0x800'7944  0x12d4  tasks.o [1]
  .text              ro code   0x800'8c18    0xce  AnyID_CanFestival_Uart_Receive.o [1]
  .text              ro code   0x800'8ce6    0x1e  xencoding_8859_1.o [2]
  .text              ro code   0x800'8d04   0x202  AnyID_CanFestival_Wifi_HL.o [1]
  .text              ro code   0x800'8f06     0xa  xsprout.o [2]
  .text              ro code   0x800'8f10   0x2de  stm32f10x_usart.o [1]
  .rodata            const     0x800'91ee     0x2  xlocale_c.o [2]
  .text              ro code   0x800'91f0    0xb4  AnyID_CanFestival_Uart.o [1]
  .text              ro code   0x800'92a4   0x534  stm32f10x_can.o [1]
  .text              ro code   0x800'97d8    0x54  AnyID_CanFestival_Lan.o [1]
  .text              ro code   0x800'982c   0xa08  AnyID_CanFestival_Wifi.o [1]
  .text              ro code   0x800'a234   0x178  stm32f10x_gpio.o [1]
  .text              ro code   0x800'a3ac    0x98  misc.o [1]
  .text              ro code   0x800'a444   0x228  AnyID_CanFestival_FRam_HL.o [1]
  .text              ro code   0x800'a66c    0x28  printf.o [2]
  .text              ro code   0x800'a694   0x274  port.o [1]
  .text              ro code   0x800'a908    0x9a  list.o [1]
  .rodata            const     0x800'a9a2     0x2  xlocale_c.o [2]
  .text              ro code   0x800'a9a4   0x29c  heap_4.o [1]
  .text              ro code   0x800'ac40   0x39c  timers.o [1]
  .text              ro code   0x800'afdc   0x2a0  Rtos_HL.o [1]
  .text              ro code   0x800'b27c   0x112  stm32f10x_tim.o [1]
  .rodata            const     0x800'b38e     0x1  xlocale_c.o [2]
  .text              ro code   0x800'b390    0x36  strlen.o [4]
  .text              ro code   0x800'b3c8   0x338  stm32f10x_rcc.o [1]
  .text              ro code   0x800'b700   0x22c  AnyID_CanFestival_Uart_HL.o [1]
  .text              ro code   0x800'b92c   0x264  AnyID_CanFestival_Lan_HL.o [1]
  .text              ro code   0x800'bb90    0x40  sprintf.o [2]
  .text              ro code   0x800'bbd0    0x2c  strstr.o [2]
  .text              ro code   0x800'bbfc     0x6  ABImemclr.o [4]
  .text              ro code   0x800'bc04  0x10c6  xprintffull.o [2]
  CODE               ro code   0x800'cccc    0x88  portasm.o [1]
  .text              ro code   0x800'cd54   0x17c  stm32f10x_dma.o [1]
  .text              ro code   0x800'ced0    0x16  strchr.o [4]
  .text              ro code   0x800'cee8    0x7c  xlocale_c.o [2]
  .text              ro code   0x800'cf64    0x40  xfail_s.o [2]
  .text              ro code   0x800'cfa4    0x58  memchr.o [4]
  .text              ro code   0x800'cffc    0x70  frexp.o [3]
  .text              ro code   0x800'd06c    0x2e  DblCmpLe.o [3]
  .text              ro code   0x800'd09c    0x2e  DblCmpGe.o [3]
  .text              ro code   0x800'd0cc   0x13a  ldexp.o [3]
  .text              ro code   0x800'd208    0x3a  DblToS32.o [3]
  .text              ro code   0x800'd244    0x22  S32ToDbl.o [3]
  .text              ro code   0x800'd268    0xe2  DblSub.o [3]
  .text              ro code   0x800'd34c   0x246  DblDiv.o [3]
  .text              ro code   0x800'd594    0x28  DblToU32.o [3]
  .text              ro code   0x800'd5bc    0x1a  U32ToDbl.o [3]
  .text              ro code   0x800'd5d8   0x1a2  DblMul.o [3]
  .text              ro code   0x800'd77a     0xa  xmbcurmax.o [2]
  .text              ro code   0x800'd784   0x230  I64DivMod.o [4]
  .text              ro code   0x800'd9b4     0x6  abort.o [2]
  .text              ro code   0x800'd9bc   0x16a  DblAdd.o [3]
  .text              ro code   0x800'db28     0x2  I64DivZer.o [4]
  .text              ro code   0x800'db2c    0x14  exit.o [5]
  .text              ro code   0x800'db40   0x450  stm32f10x_it.o [1]
  .text              ro code   0x800'df90   0x368  AnyID_CanFestival_FlashM25.o [1]
  .text              ro code   0x800'e2f8   0x12e  AnyID_CanFestival_Flash_HL.o [1]
  .text              ro code   0x800'e428    0x78  stm32f10x_spi.o [1]
  .text              ro code   0x800'e4a0   0x2d0  AnyID_CanFestival_SysCfg.o [1]
  .text              ro code   0x800'e770    0x2c  stm32f10x_flash.o [1]
  .text              ro code   0x800'e79c    0x98  AnyID_CanFestival_Flash.o [1]
  .text              ro code   0x800'e834    0x4c  AnyID_CanFestival_Periph_HL.o [1]
  .text              ro code   0x800'e880    0x78  lz77_init_single.o [4]
  .text              ro code   0x800'e8f8    0x52  system_stm32f10x.o [1]
  .rodata            const     0x800'e94c    0x44  heap_4.o [1]
  .rodata            const     0x800'e990    0x3c  port.o [1]
  .rodata            const     0x800'e9cc    0x38  timers.o [1]
  .rodata            const     0x800'ea04    0x34  queue.o [1]
  .rodata            const     0x800'ea38    0x34  tasks.o [1]
  .rodata            const     0x800'ea6c    0x30  AnyID_CanFestival_Periph_HL.o [1]
  .rodata            const     0x800'ea9c    0x30  AnyID_CanFestival_Wifi.o [1]
  .text              ro code   0x800'eacc    0x30  main.o [1]
  .text              ro code   0x800'eafc    0x28  data_init.o [4]
  .rodata            const     0x800'eb24    0x24  heap_4.o [1]
  .rodata            const     0x800'eb48    0x24  port.o [1]
  .rodata            const     0x800'eb6c    0x24  queue.o [1]
  .rodata            const     0x800'eb90    0x24  tasks.o [1]
  .rodata            const     0x800'ebb4    0x24  timers.o [1]
  .iar.init_table    const     0x800'ebd8    0x20  - Linker created -
  .rodata            const     0x800'ebf8    0x20  AnyID_CanFestival_Wifi.o [1]
  .text              ro code   0x800'ec18    0x1e  cmain.o [4]
  .text              ro code   0x800'ec36     0x4  low_level_init.o [2]
  .text              ro code   0x800'ec3a     0x4  exit.o [2]
  .text              ro code   0x800'ec40     0xa  cexit.o [4]
  .rodata            const     0x800'ec4c    0x18  AnyID_CanFestival_SysCfg.o [1]
  .rodata            const     0x800'ec64    0x18  AnyID_CanFestival_SysCfg.o [1]
  .rodata            const     0x800'ec7c    0x18  AnyID_CanFestival_SysCfg.o [1]
  .rodata            const     0x800'ec94    0x18  AnyID_CanFestival_SysCfg.o [1]
  .rodata            const     0x800'ecac    0x18  AnyID_CanFestival_SysCfg.o [1]
  .text              ro code   0x800'ecc4    0x16  xprout.o [2]
  .text              ro code   0x800'ecdc     0xc  putchar.o [2]
  .rodata            const     0x800'ece8    0x14  AnyID_CanFestival_SysCfg.o [1]
  .rodata            const     0x800'ecfc    0x14  AnyID_CanFestival_SysCfg.o [1]
  .rodata            const     0x800'ed10    0x14  AnyID_CanFestival_Wifi.o [1]
  .rodata            const     0x800'ed24    0x14  AnyID_CanFestival_Wifi.o [1]
  .rodata            const     0x800'ed38    0x10  AnyID_CanFestival_SysCfg.o [1]
  .rodata            const     0x800'ed48    0x10  AnyID_CanFestival_Wifi.o [1]
  .rodata            const     0x800'ed58    0x10  AnyID_CanFestival_Wifi.o [1]
  .rodata            const     0x800'ed68    0x10  AnyID_CanFestival_Wifi.o [1]
  .rodata            const     0x800'ed78    0x10  main.o [1]
  .text              ro code   0x800'ed88    0x10  startup_stm32f10x_hd.o [1]
  .rodata            const     0x800'ed98     0xc  AnyID_CanFestival_Device.o [1]
  .rodata            const     0x800'eda4     0xc  AnyID_CanFestival_Device.o [1]
  .rodata            const     0x800'edb0     0xc  AnyID_CanFestival_Wifi.o [1]
  .rodata            const     0x800'edbc     0xc  AnyID_CanFestival_Wifi.o [1]
  .rodata            const     0x800'edc8     0xc  AnyID_CanFestival_Wifi.o [1]
  .rodata            const     0x800'edd4     0xc  AnyID_CanFestival_Wifi.o [1]
  .rodata            const     0x800'ede0     0xc  AnyID_CanFestival_Wifi.o [1]
  .rodata            const     0x800'edec     0xc  AnyID_CanFestival_Wifi.o [1]
  .rodata            const     0x800'edf8     0xc  AnyID_CanFestival_Wifi.o [1]
  .text              ro code   0x800'ee04     0xc  cstartup_M.o [4]
  .rodata            const     0x800'ee10     0x8  AnyID_CanFestival_Can_HL.o [1]
  .rodata            const     0x800'ee18     0x8  AnyID_CanFestival_Can_HL.o [1]
  .rodata            const     0x800'ee20     0x8  AnyID_CanFestival_Flash_HL.o [1]
  .rodata            const     0x800'ee28     0x8  AnyID_CanFestival_Flash_HL.o [1]
  .rodata            const     0x800'ee30     0x8  AnyID_CanFestival_FRam_HL.o [1]
  .rodata            const     0x800'ee38     0x8  AnyID_CanFestival_FRam_HL.o [1]
  .rodata            const     0x800'ee40     0x8  AnyID_CanFestival_Lan_HL.o [1]
  .rodata            const     0x800'ee48     0x8  AnyID_CanFestival_Lan_HL.o [1]
  .rodata            const     0x800'ee50     0x8  AnyID_CanFestival_Lan_HL.o [1]
  .rodata            const     0x800'ee58     0x8  AnyID_CanFestival_Lan_HL.o [1]
  .rodata            const     0x800'ee60     0x8  AnyID_CanFestival_Uart_HL.o [1]
  .rodata            const     0x800'ee68     0x8  AnyID_CanFestival_Uart_HL.o [1]
  .rodata            const     0x800'ee70     0x8  AnyID_CanFestival_Wifi.o [1]
  .rodata            const     0x800'ee78     0x8  AnyID_CanFestival_Wifi.o [1]
  .rodata            const     0x800'ee80     0x8  AnyID_CanFestival_Wifi.o [1]
  .rodata            const     0x800'ee88     0x8  AnyID_CanFestival_Wifi.o [1]
  .rodata            const     0x800'ee90     0x8  AnyID_CanFestival_Wifi.o [1]
  .rodata            const     0x800'ee98     0x8  AnyID_CanFestival_Wifi.o [1]
  .rodata            const     0x800'eea0     0x8  AnyID_CanFestival_Wifi_HL.o [1]
  .rodata            const     0x800'eea8     0x8  AnyID_CanFestival_Wifi_HL.o [1]
  .rodata            const     0x800'eeb0     0x8  AnyID_CanFestival_Wifi_HL.o [1]
  .rodata            const     0x800'eeb8     0x8  Rtos_HL.o [1]
  .rodata            const     0x800'eec0     0x8  Rtos_HL.o [1]
  .rodata            const     0x800'eec8     0x8  Rtos_HL.o [1]
  .rodata            const     0x800'eed0     0x8  tasks.o [1]
  .rodata            const     0x800'eed8     0x8  timers.o [1]
  .rodata            const     0x800'eee0     0x8  timers.o [1]
  .rodata            const     0x800'eee8     0x4  AnyID_CanFestival_Device.o [1]
  .rodata            const     0x800'eeec     0x4  heap_4.o [1]
  .rodata            const     0x800'eef0     0x4  port.o [1]
  .text              ro code   0x800'eef4     0x4  startup_stm32f10x_hd.o [1]
  .text              ro code   0x800'eef8     0x4  startup_stm32f10x_hd.o [1]
  .text              ro code   0x800'eefc     0x4  startup_stm32f10x_hd.o [1]
  .text              ro code   0x800'ef00     0x4  startup_stm32f10x_hd.o [1]
  .text              ro code   0x800'ef04     0x4  startup_stm32f10x_hd.o [1]
  .text              ro code   0x800'ef08     0x4  startup_stm32f10x_hd.o [1]
  .text              ro code   0x800'ef0c     0x4  startup_stm32f10x_hd.o [1]
  .text              ro code   0x800'ef10     0x4  startup_stm32f10x_hd.o [1]
  .text              ro code   0x800'ef14     0x4  startup_stm32f10x_hd.o [1]
  .text              ro code   0x800'ef18     0x4  startup_stm32f10x_hd.o [1]
  .text              ro code   0x800'ef1c     0x4  startup_stm32f10x_hd.o [1]
  .text              ro code   0x800'ef20     0x4  startup_stm32f10x_hd.o [1]
  .text              ro code   0x800'ef24     0x4  startup_stm32f10x_hd.o [1]
  .text              ro code   0x800'ef28     0x4  startup_stm32f10x_hd.o [1]
  .text              ro code   0x800'ef2c     0x4  startup_stm32f10x_hd.o [1]
  .text              ro code   0x800'ef30     0x4  startup_stm32f10x_hd.o [1]
  .text              ro code   0x800'ef34     0x4  startup_stm32f10x_hd.o [1]
  .text              ro code   0x800'ef38     0x4  startup_stm32f10x_hd.o [1]
  .text              ro code   0x800'ef3c     0x4  startup_stm32f10x_hd.o [1]
  .text              ro code   0x800'ef40     0x4  startup_stm32f10x_hd.o [1]
  .text              ro code   0x800'ef44     0x4  startup_stm32f10x_hd.o [1]
  .text              ro code   0x800'ef48     0x4  startup_stm32f10x_hd.o [1]
  .text              ro code   0x800'ef4c     0x4  startup_stm32f10x_hd.o [1]
  .text              ro code   0x800'ef50     0x4  startup_stm32f10x_hd.o [1]
  .text              ro code   0x800'ef54     0x4  startup_stm32f10x_hd.o [1]
  .text              ro code   0x800'ef58     0x4  startup_stm32f10x_hd.o [1]
  .text              ro code   0x800'ef5c     0x4  startup_stm32f10x_hd.o [1]
  .text              ro code   0x800'ef60     0x4  startup_stm32f10x_hd.o [1]
  .text              ro code   0x800'ef64     0x4  startup_stm32f10x_hd.o [1]
  .text              ro code   0x800'ef68     0x4  startup_stm32f10x_hd.o [1]
  .text              ro code   0x800'ef6c     0x4  startup_stm32f10x_hd.o [1]
  .text              ro code   0x800'ef70     0x4  startup_stm32f10x_hd.o [1]
  .text              ro code   0x800'ef74     0x4  startup_stm32f10x_hd.o [1]
  .text              ro code   0x800'ef78     0x4  startup_stm32f10x_hd.o [1]
  .text              ro code   0x800'ef7c     0x4  startup_stm32f10x_hd.o [1]
  .text              ro code   0x800'ef80     0x4  startup_stm32f10x_hd.o [1]
  .text              ro code   0x800'ef84     0x4  startup_stm32f10x_hd.o [1]
  .text              ro code   0x800'ef88     0x4  startup_stm32f10x_hd.o [1]
  .text              ro code   0x800'ef8c     0x4  startup_stm32f10x_hd.o [1]
  .text              ro code   0x800'ef90     0x4  startup_stm32f10x_hd.o [1]
  .text              ro code   0x800'ef94     0x4  startup_stm32f10x_hd.o [1]
  .text              ro code   0x800'ef98     0x4  startup_stm32f10x_hd.o [1]
  .text              ro code   0x800'ef9c     0x4  startup_stm32f10x_hd.o [1]
  .text              ro code   0x800'efa0     0x4  startup_stm32f10x_hd.o [1]
  .text              ro code   0x800'efa4     0x4  startup_stm32f10x_hd.o [1]
  .text              ro code   0x800'efa8     0x4  startup_stm32f10x_hd.o [1]
  .text              ro code   0x800'efac     0x4  startup_stm32f10x_hd.o [1]
  .rodata            const     0x800'efb0     0x0  zero_init3.o [4]
  .rodata            const     0x800'efb0     0x0  lz77_init_single.o [4]
                             - 0x800'efb0  0x9f7c

"P2", part 1 of 3:                           0xec
  P2-1                        0x2000'0000    0xec  <Init block>
    .data            inited   0x2000'0000     0x4  port.o [1]
    .data            inited   0x2000'0004    0x10  stm32f10x_rcc.o [1]
    .data            inited   0x2000'0014     0x4  stm32f10x_rcc.o [1]
    .data            inited   0x2000'0018     0x4  tasks.o [1]
    .data            inited   0x2000'001c     0x8  rand.o [2]
    .data            inited   0x2000'0024    0x38  xlocale_c.o [2]
    .data            inited   0x2000'005c    0x48  xlocale_c.o [2]
    .data            inited   0x2000'00a4    0x48  xfiles.o [2]
                            - 0x2000'00ec    0xec

"P2", part 2 of 3:                         0x8c10
  .bss               zero     0x2000'00ec  0x7800  heap_4.o [1]
  .bss               zero     0x2000'78ec   0x3c0  AnyID_CanFestival_Device.o [1]
  .bss               zero     0x2000'7cac   0x26c  tasks.o [1]
  .bss               zero     0x2000'7f18   0x120  Rtos_HL.o [1]
  .bss               zero     0x2000'8038   0x110  AnyID_CanFestival_Lan.o [1]
  .bss               zero     0x2000'8148   0x110  AnyID_CanFestival_Uart_Receive.o [1]
  .bss               zero     0x2000'8258   0x110  AnyID_CanFestival_Wifi.o [1]
  .bss               zero     0x2000'8368   0x110  AnyID_CanFestival_Wifi.o [1]
  .bss               zero     0x2000'8478   0x10c  AnyID_CanFestival_Lan.o [1]
  .bss               zero     0x2000'8584   0x10c  AnyID_CanFestival_Uart_Receive.o [1]
  .bss               zero     0x2000'8690   0x100  AnyID_CanFestival_Flash.o [1]
  .bss               zero     0x2000'8790   0x100  AnyID_CanFestival_Wifi.o [1]
  .bss               zero     0x2000'8890    0xe8  AnyID_CanFestival_Wifi.o [1]
  .bss               zero     0x2000'8978    0xb4  AnyID_CanFestival_Device.o [1]
  .bss               zero     0x2000'8a2c    0x84  rand.o [2]
  .bss               zero     0x2000'8ab0    0x50  xfiles.o [2]
  .bss               zero     0x2000'8b00    0x40  queue.o [1]
  .bss               zero     0x2000'8b40    0x34  AnyID_CanFestival_Device.o [1]
  .bss               zero     0x2000'8b74    0x14  AnyID_CanFestival_Can_HL.o [1]
  .bss               zero     0x2000'8b88    0x14  AnyID_CanFestival_Can_HL.o [1]
  .bss               zero     0x2000'8b9c    0x14  tasks.o [1]
  .bss               zero     0x2000'8bb0    0x14  tasks.o [1]
  .bss               zero     0x2000'8bc4    0x14  tasks.o [1]
  .bss               zero     0x2000'8bd8    0x14  tasks.o [1]
  .bss               zero     0x2000'8bec    0x14  tasks.o [1]
  .bss               zero     0x2000'8c00    0x14  timers.o [1]
  .bss               zero     0x2000'8c14    0x14  timers.o [1]
  .bss               zero     0x2000'8c28     0x8  AnyID_CanFestival_FRam.o [1]
  .bss               zero     0x2000'8c30     0x8  heap_4.o [1]
  .bss               zero     0x2000'8c38     0x4  AnyID_CanFestival_Can_HL.o [1]
  .bss               zero     0x2000'8c3c     0x4  AnyID_CanFestival_Can_HL.o [1]
  .bss               zero     0x2000'8c40     0x4  AnyID_CanFestival_Can_HL.o [1]
  .bss               zero     0x2000'8c44     0x4  AnyID_CanFestival_SysCfg.o [1]
  .bss               zero     0x2000'8c48     0x4  AnyID_CanFestival_SysCfg.o [1]
  .bss               zero     0x2000'8c4c     0x4  AnyID_CanFestival_SysCfg.o [1]
  .bss               zero     0x2000'8c50     0x4  AnyID_CanFestival_SysCfg.o [1]
  .bss               zero     0x2000'8c54     0x4  AnyID_CanFestival_SysCfg.o [1]
  .bss               zero     0x2000'8c58     0x4  AnyID_CanFestival_SysCfg.o [1]
  .bss               zero     0x2000'8c5c     0x4  AnyID_CanFestival_SysCfg.o [1]
  .bss               zero     0x2000'8c60     0x4  AnyID_CanFestival_Uart.o [1]
  .bss               zero     0x2000'8c64     0x4  AnyID_CanFestival_Uart.o [1]
  .bss               zero     0x2000'8c68     0x4  AnyID_CanFestival_Uart.o [1]
  .bss               zero     0x2000'8c6c     0x4  AnyID_CanFestival_Wifi.o [1]
  .bss               zero     0x2000'8c70     0x4  AnyID_CanFestival_Wifi.o [1]
  .bss               zero     0x2000'8c74     0x4  heap_4.o [1]
  .bss               zero     0x2000'8c78     0x4  heap_4.o [1]
  .bss               zero     0x2000'8c7c     0x4  heap_4.o [1]
  .bss               zero     0x2000'8c80     0x4  heap_4.o [1]
  .bss               zero     0x2000'8c84     0x4  heap_4.o [1]
  .bss               zero     0x2000'8c88     0x4  port.o [1]
  .bss               zero     0x2000'8c8c     0x4  Rtos_HL.o [1]
  .bss               zero     0x2000'8c90     0x4  Rtos_HL.o [1]
  .bss               zero     0x2000'8c94     0x4  tasks.o [1]
  .bss               zero     0x2000'8c98     0x4  tasks.o [1]
  .bss               zero     0x2000'8c9c     0x4  tasks.o [1]
  .bss               zero     0x2000'8ca0     0x4  tasks.o [1]
  .bss               zero     0x2000'8ca4     0x4  tasks.o [1]
  .bss               zero     0x2000'8ca8     0x4  tasks.o [1]
  .bss               zero     0x2000'8cac     0x4  tasks.o [1]
  .bss               zero     0x2000'8cb0     0x4  tasks.o [1]
  .bss               zero     0x2000'8cb4     0x4  tasks.o [1]
  .bss               zero     0x2000'8cb8     0x4  tasks.o [1]
  .bss               zero     0x2000'8cbc     0x4  tasks.o [1]
  .bss               zero     0x2000'8cc0     0x4  tasks.o [1]
  .bss               zero     0x2000'8cc4     0x4  tasks.o [1]
  .bss               zero     0x2000'8cc8     0x4  tasks.o [1]
  .bss               zero     0x2000'8ccc     0x4  tasks.o [1]
  .bss               zero     0x2000'8cd0     0x4  tasks.o [1]
  .bss               zero     0x2000'8cd4     0x4  tasks.o [1]
  .bss               zero     0x2000'8cd8     0x4  timers.o [1]
  .bss               zero     0x2000'8cdc     0x4  timers.o [1]
  .bss               zero     0x2000'8ce0     0x4  timers.o [1]
  .bss               zero     0x2000'8ce4     0x4  timers.o [1]
  .bss               zero     0x2000'8ce8     0x4  timers.o [1]
  .bss               zero     0x2000'8cec     0x4  xfail_s.o [2]
  .bss               zero     0x2000'8cf0     0x2  stm32f10x_it.o [1]
  .bss               zero     0x2000'8cf2     0x2  stm32f10x_it.o [1]
  .bss               zero     0x2000'8cf4     0x2  stm32f10x_it.o [1]
  .bss               zero     0x2000'8cf6     0x2  stm32f10x_it.o [1]
  .bss               zero     0x2000'8cf8     0x2  stm32f10x_it.o [1]
  .bss               zero     0x2000'8cfa     0x1  AnyID_CanFestival_Periph_HL.o [1]
  .bss               zero     0x2000'8cfb     0x1  port.o [1]
                            - 0x2000'8cfc  0x8c10

"P2", part 3 of 3:                         0x2000
  CSTACK                      0x2000'8d00  0x2000  <Block>
    CSTACK           uninit   0x2000'8d00  0x2000  <Block tail>
                            - 0x2000'ad00  0x2000

Unused ranges:

         From           To      Size
         ----           --      ----
   0x800'41fd   0x800'4fff     0xe03
   0x800'5032   0x800'5033       0x2
   0x800'efb0   0x803'ffff  0x3'1050
  0x2000'8cfc  0x2000'8cff       0x4
  0x2000'ad00  0x2000'bfff    0x1300


*******************************************************************************
*** INIT TABLE
***

          Address      Size
          -------      ----
Zero (__iar_zero_init3)
    1 destination range, total size 0x8c10:
          0x2000'00ec  0x8c10

Copy/lz77 (__iar_lz77_init_single3)
    1 source range, total size 0x67 (43% of destination):
           0x800'4196    0x67
    1 destination range, total size 0xec:
          0x2000'0000    0xec



*******************************************************************************
*** MODULE SUMMARY
***

    Module                            ro code  ro data  rw data  ro data
                                                                  (abs)
    ------                            -------  -------  -------  -------
command line/config:
    --------------------------------------------------------------------
    Total:

E:\AnyID\Git\RP3423_MB\RP3423_MB\RP3423_MB\Build\Obj: [1]
    AnyID_CanFestival_Can_HL.o            688       16       52
    AnyID_CanFestival_Device.o          4'940       28    1'192       50
    AnyID_CanFestival_FRam.o              320                 8
    AnyID_CanFestival_FRam_HL.o           552       16
    AnyID_CanFestival_Flash.o             152               256
    AnyID_CanFestival_FlashM25.o          872
    AnyID_CanFestival_Flash_HL.o          302       16
    AnyID_CanFestival_Lan.o                84               540
    AnyID_CanFestival_Lan_HL.o            612       32
    AnyID_CanFestival_Periph_HL.o          76       48        1
    AnyID_CanFestival_SysCfg.o            720      176       28
    AnyID_CanFestival_Uart.o              180                12
    AnyID_CanFestival_Uart_HL.o           556       16
    AnyID_CanFestival_Uart_Receive.o      206               540
    AnyID_CanFestival_Wifi.o            2'568      300    1'040
    AnyID_CanFestival_Wifi_HL.o           514       24
    AnyID_FRam.o                          566
    AnyID_Stdlib.o                         72
    Rtos_HL.o                             672       24      296
    heap_4.o                              668      108   30'748
    list.o                                154
    main.o                                 48       16
    misc.o                                152
    port.o                                628      101        9
    portasm.o                             136
    queue.o                             3'536       88       64
    startup_stm32f10x_hd.o                508
    stm32f10x_can.o                     1'332
    stm32f10x_dma.o                       380
    stm32f10x_flash.o                      44
    stm32f10x_gpio.o                      376
    stm32f10x_it.o                      1'104                10
    stm32f10x_rcc.o                       824        9       20
    stm32f10x_spi.o                       120
    stm32f10x_tim.o                       274
    stm32f10x_usart.o                     734
    system_stm32f10x.o                     82
    tasks.o                             4'820       98      792
    timers.o                              924      108       60
    --------------------------------------------------------------------
    Total:                             31'496    1'224   35'668       50

dl7M_tlf.a: [2]
    abort.o                                 6
    exit.o                                  4
    low_level_init.o                        4
    printf.o                               40
    putchar.o                              12
    rand.o                                164        3      140
    sprintf.o                              64
    strstr.o                               44
    xencoding_8859_1.o                     30
    xfail_s.o                              64                 4
    xfiles.o                                        32      152
    xlocale_c.o                           124       61      128
    xmbcurmax.o                            10
    xprintffull.o                       4'294
    xprout.o                               22
    xsprout.o                              10
    --------------------------------------------------------------------
    Total:                              4'892       96      424

m7M_tl.a: [3]
    DblAdd.o                              362
    DblCmpGe.o                             46
    DblCmpLe.o                             46
    DblDiv.o                              582
    DblMul.o                              418
    DblSub.o                              226
    DblToS32.o                             58
    DblToU32.o                             40
    S32ToDbl.o                             34
    U32ToDbl.o                             26
    frexp.o                               112
    ldexp.o                               314
    --------------------------------------------------------------------
    Total:                              2'264

rt7M_tl.a: [4]
    ABImemclr.o                             6
    ABImemcpy.o                           166
    ABImemset.o                           102
    I64DivMod.o                           560
    I64DivZer.o                             2
    cexit.o                                10
    cmain.o                                30
    cstartup_M.o                           12
    data_init.o                            40
    lz77_init_single.o                    120
    memchr.o                               88
    strchr.o                               22
    strlen.o                               54
    zero_init3.o                           58
    --------------------------------------------------------------------
    Total:                              1'270

shb_l.a: [5]
    exit.o                                 20
    --------------------------------------------------------------------
    Total:                                 20

    Gaps                                   39        4
    Linker created                                  32    8'192
------------------------------------------------------------------------
    Grand Total:                       39'981    1'356   44'284       50


*******************************************************************************
*** ENTRY LIST
***

Entry                       Address    Size  Type      Object
-----                       -------    ----  ----      ------
.iar.init_table$$Base    0x800'ebd8           --   Gb  - Linker created -
.iar.init_table$$Limit   0x800'ebf8           --   Gb  - Linker created -
?main                    0x800'ec19          Code  Gb  cmain.o [4]
ADCPrescTable           0x2000'0014     0x4  Data  Lc  stm32f10x_rcc.o [1]
APBAHBPrescTable        0x2000'0004    0x10  Data  Lc  stm32f10x_rcc.o [1]
BusFault_Handler         0x800'db47     0x2  Code  Gb  stm32f10x_it.o [1]
CAN_FIFORelease          0x800'9689    0x14  Code  Gb  stm32f10x_can.o [1]
CAN_FilterInit           0x800'93b7    0xc6  Code  Gb  stm32f10x_can.o [1]
CAN_GetFlagStatus        0x800'97c5    0x14  Code  Gb  stm32f10x_can.o [1]
CAN_ITConfig             0x800'9495    0x18  Code  Gb  stm32f10x_can.o [1]
CAN_Init                 0x800'92a5   0x112  Code  Gb  stm32f10x_can.o [1]
CAN_MessagePending       0x800'969d    0x2a  Code  Gb  stm32f10x_can.o [1]
CAN_RX_PORT              0x800'ee10     0x8  Data  Gb  AnyID_CanFestival_Can_HL.o [1]
CAN_Receive              0x800'96c7    0xfe  Code  Gb  stm32f10x_can.o [1]
CAN_TX_PORT              0x800'ee18     0x8  Data  Gb  AnyID_CanFestival_Can_HL.o [1]
CAN_Transmit             0x800'94ad   0x13e  Code  Gb  stm32f10x_can.o [1]
CAN_TransmitStatus       0x800'95eb    0x9e  Code  Gb  stm32f10x_can.o [1]
CSTACK$$Base            0x2000'8d00           --   Gb  - Linker created -
CSTACK$$Limit           0x2000'ad00           --   Gb  - Linker created -
CacheMore                0x800'ceed    0x28  Code  Lc  xlocale_c.o [2]
Can_InitInterface        0x800'6381   0x136  Code  Gb  AnyID_CanFestival_Can_HL.o [1]
Can_QueueCreatTask       0x800'65cb    0x4a  Code  Gb  AnyID_CanFestival_Can_HL.o [1]
Can_TxFrames             0x800'64b7    0x9c  Code  Gb  AnyID_CanFestival_Can_HL.o [1]
Can_TxFramesRepat        0x800'6553    0x78  Code  Gb  AnyID_CanFestival_Can_HL.o [1]
ConfigureTimeForRunTimeStats
                         0x800'b271     0xc  Code  Gb  Rtos_HL.o [1]
DEVICE_VERSION           0x800'5000    0x32  Data  Gb  AnyID_CanFestival_Device.o [1]
DMA1_Channel2_IRQHandler
                         0x800'dd83    0x32  Code  Gb  stm32f10x_it.o [1]
DMA1_Channel3_IRQHandler
                         0x800'dd69    0x1a  Code  Gb  stm32f10x_it.o [1]
DMA1_Channel4_IRQHandler
                         0x800'dca1    0x34  Code  Gb  stm32f10x_it.o [1]
DMA1_Channel5_IRQHandler
                         0x800'dc87    0x1a  Code  Gb  stm32f10x_it.o [1]
DMA2_Channel3_IRQHandler
                         0x800'db83    0x18  Code  Gb  stm32f10x_it.o [1]
DMA2_Channel4_5_IRQHandler
                         0x800'db9b    0x3a  Code  Gb  stm32f10x_it.o [1]
DMA_DeInit               0x800'cd55    0xf0  Code  Gb  stm32f10x_dma.o [1]
DMA_ITConfig             0x800'ce81    0x18  Code  Gb  stm32f10x_dma.o [1]
DMA_Init                 0x800'ce45    0x3c  Code  Gb  stm32f10x_dma.o [1]
DebugMon_Handler         0x800'db4b     0x2  Code  Gb  stm32f10x_it.o [1]
Device_CanAutoTask       0x800'5a9f    0xfc  Code  Gb  AnyID_CanFestival_Device.o [1]
Device_CanRxDispatch     0x800'5ca5   0x17c  Code  Gb  AnyID_CanFestival_Device.o [1]
Device_CanTxDispatch     0x800'5e25   0x108  Code  Gb  AnyID_CanFestival_Device.o [1]
Device_GetSubDeviceVersion
                         0x800'5c11    0x90  Code  Gb  AnyID_CanFestival_Device.o [1]
Device_HLDispatch        0x800'61e9   0x11a  Code  Gb  AnyID_CanFestival_Device.o [1]
Device_HeartDispatch     0x800'5f45    0xc6  Code  Gb  AnyID_CanFestival_Device.o [1]
Device_Init              0x800'5035     0xe  Code  Gb  AnyID_CanFestival_Device.o [1]
Device_MainDispatch      0x800'6015    0x12  Code  Gb  AnyID_CanFestival_Device.o [1]
Device_ProcessCobMRSdo   0x800'5769   0x10c  Code  Gb  AnyID_CanFestival_Device.o [1]
Device_ProcessCobMTSdo   0x800'5651   0x118  Code  Gb  AnyID_CanFestival_Device.o [1]
Device_ProcessCobSRSdo   0x800'5a09    0x2e  Code  Gb  AnyID_CanFestival_Device.o [1]
Device_ProcessCobSTSdo   0x800'5875   0x194  Code  Gb  AnyID_CanFestival_Device.o [1]
Device_ReadDeviceParamenter
                         0x800'5191   0x10a  Code  Gb  AnyID_CanFestival_Device.o [1]
Device_ResetDeviceParamenter
                         0x800'5043   0x14e  Code  Gb  AnyID_CanFestival_Device.o [1]
Device_ResponseFrame     0x800'52d3   0x14a  Code  Gb  AnyID_CanFestival_Device.o [1]
Device_RspFormatCanFrame
                         0x800'5a37    0x68  Code  Gb  AnyID_CanFestival_Device.o [1]
Device_SubDeviceGet      0x800'5b9b    0x64  Code  Gb  AnyID_CanFestival_Device.o [1]
Device_UartRxDispatch    0x800'6027   0x132  Code  Gb  AnyID_CanFestival_Device.o [1]
Device_UartTxDispatch    0x800'6159    0x8c  Code  Gb  AnyID_CanFestival_Device.o [1]
Device_WriteDeviceParamenter
                         0x800'529b    0x38  Code  Gb  AnyID_CanFestival_Device.o [1]
FLASH_CS_COM             0x800'ee20     0x8  Data  Gb  AnyID_CanFestival_Flash_HL.o [1]
FLASH_PORT_SPI           0x800'ee28     0x8  Data  Gb  AnyID_CanFestival_Flash_HL.o [1]
FLASH_PrefetchBufferCmd
                         0x800'e783    0x14  Code  Gb  stm32f10x_flash.o [1]
FLASH_SetLatency         0x800'e771    0x12  Code  Gb  stm32f10x_flash.o [1]
FRAM_SCL_PORT            0x800'ee38     0x8  Data  Gb  AnyID_CanFestival_FRam_HL.o [1]
FRAM_SDA_PORT            0x800'ee30     0x8  Data  Gb  AnyID_CanFestival_FRam_HL.o [1]
FRam_Delayms             0x800'a48f    0x12  Code  Gb  AnyID_CanFestival_FRam_HL.o [1]
FRam_I2CAck              0x800'a529    0x30  Code  Gb  AnyID_CanFestival_FRam_HL.o [1]
FRam_I2CDelay            0x800'a481     0xe  Code  Gb  AnyID_CanFestival_FRam_HL.o [1]
FRam_I2CNoAck            0x800'a559    0x30  Code  Gb  AnyID_CanFestival_FRam_HL.o [1]
FRam_I2CReceiveByte      0x800'a615    0x4e  Code  Gb  AnyID_CanFestival_FRam_HL.o [1]
FRam_I2CSendByte         0x800'a5cb    0x4a  Code  Gb  AnyID_CanFestival_FRam_HL.o [1]
FRam_I2CStart            0x800'a4a1    0x58  Code  Gb  AnyID_CanFestival_FRam_HL.o [1]
FRam_I2CStop             0x800'a4f9    0x30  Code  Gb  AnyID_CanFestival_FRam_HL.o [1]
FRam_I2CWaitAck          0x800'a589    0x42  Code  Gb  AnyID_CanFestival_FRam_HL.o [1]
FRam_InitInterface       0x800'a445    0x3c  Code  Gb  AnyID_CanFestival_FRam_HL.o [1]
FRam_ReadBuffer          0x800'6713    0xe2  Code  Gb  AnyID_FRam.o [1]
FRam_WriteBuffer         0x800'68a1    0xa8  Code  Gb  AnyID_FRam.o [1]
FRam_WritePage           0x800'67f5    0xac  Code  Gb  AnyID_FRam.o [1]
Flash_ChkErr             0x800'e79d    0x98  Code  Gb  AnyID_CanFestival_Flash.o [1]
Flash_Delay16us          0x800'e40b    0x1c  Code  Gb  AnyID_CanFestival_Flash_HL.o [1]
Flash_Delayms            0x800'e3f9    0x12  Code  Gb  AnyID_CanFestival_Flash_HL.o [1]
Flash_EraseSector        0x800'e157    0xd8  Code  Gb  AnyID_CanFestival_FlashM25.o [1]
Flash_InitInterface      0x800'e2f9    0xac  Code  Gb  AnyID_CanFestival_Flash_HL.o [1]
Flash_ReadBuffer         0x800'e22f    0xc6  Code  Gb  AnyID_CanFestival_FlashM25.o [1]
Flash_WriteBuffer        0x800'e0b3    0xa4  Code  Gb  AnyID_CanFestival_FlashM25.o [1]
Flash_WriteByte          0x800'e3a5    0x46  Code  Gb  AnyID_CanFestival_Flash_HL.o [1]
Flash_WritePage          0x800'df91   0x122  Code  Gb  AnyID_CanFestival_FlashM25.o [1]
Fram_ReadBootParamenter
                         0x800'6991    0xfc  Code  Gb  AnyID_CanFestival_FRam.o [1]
Fram_WriteBootParamenter
                         0x800'6a8d    0x3e  Code  Gb  AnyID_CanFestival_FRam.o [1]
FreeRTOSRunTimeTicks    0x2000'8c8c     0x4  Data  Gb  Rtos_HL.o [1]
GPIO_Init                0x800'a235    0xea  Code  Gb  stm32f10x_gpio.o [1]
GPIO_PinRemapConfig      0x800'a31f    0x84  Code  Gb  stm32f10x_gpio.o [1]
HardFault_Handler        0x800'db43     0x2  Code  Gb  stm32f10x_it.o [1]
LAN_PORT_CFG             0x800'ee58     0x8  Data  Gb  AnyID_CanFestival_Lan_HL.o [1]
LAN_PORT_RST             0x800'ee50     0x8  Data  Gb  AnyID_CanFestival_Lan_HL.o [1]
LAN_PORT_RX              0x800'ee48     0x8  Data  Gb  AnyID_CanFestival_Lan_HL.o [1]
LAN_PORT_TX              0x800'ee40     0x8  Data  Gb  AnyID_CanFestival_Lan_HL.o [1]
LOG_485_CTRL             0x800'eec8     0x8  Data  Gb  Rtos_HL.o [1]
LOG_PORT_RX              0x800'eec0     0x8  Data  Gb  Rtos_HL.o [1]
LOG_PORT_TX              0x800'eeb8     0x8  Data  Gb  Rtos_HL.o [1]
Lan_ConfigInt            0x800'ba17    0x22  Code  Gb  AnyID_CanFestival_Lan_HL.o [1]
Lan_Init                 0x800'97d9    0x54  Code  Gb  AnyID_CanFestival_Lan.o [1]
Lan_InitInterface        0x800'b92d    0xea  Code  Gb  AnyID_CanFestival_Lan_HL.o [1]
Lan_InitRxDma            0x800'bad5    0x96  Code  Gb  AnyID_CanFestival_Lan_HL.o [1]
Lan_InitTxDma            0x800'ba39    0x9c  Code  Gb  AnyID_CanFestival_Lan_HL.o [1]
Log_Init                 0x800'b1c1    0x12  Code  Gb  Rtos_HL.o [1]
Log_InitInterface        0x800'afdd   0x108  Code  Gb  Rtos_HL.o [1]
Log_InitRxDma            0x800'b12d    0x94  Code  Gb  Rtos_HL.o [1]
Log_WriteBuffer          0x800'b0f7    0x36  Code  Gb  Rtos_HL.o [1]
Log_WriteByte            0x800'b0e5    0x12  Code  Gb  Rtos_HL.o [1]
MemManage_Handler        0x800'db45     0x2  Code  Gb  stm32f10x_it.o [1]
NMI_Handler              0x800'db41     0x2  Code  Gb  stm32f10x_it.o [1]
NVIC_Init                0x800'a3b7    0x66  Code  Gb  misc.o [1]
NVIC_PriorityGroupConfig
                         0x800'a3ad     0xa  Code  Gb  misc.o [1]
NVIC_SetVectorTable      0x800'a41d     0xc  Code  Gb  misc.o [1]
PERIPH_LED               0x800'ea6c    0x30  Data  Gb  AnyID_CanFestival_Periph_HL.o [1]
PendSV_Handler           0x800'cccd          Code  Gb  portasm.o [1]
Periph_InitInterface     0x800'e835    0x48  Code  Gb  AnyID_CanFestival_Periph_HL.o [1]
RCC_ADCCLKConfig         0x800'b4f5    0x10  Code  Gb  stm32f10x_rcc.o [1]
RCC_AHBPeriphClockCmd    0x800'b5dd    0x1c  Code  Gb  stm32f10x_rcc.o [1]
RCC_APB1PeriphClockCmd   0x800'b615    0x1c  Code  Gb  stm32f10x_rcc.o [1]
RCC_APB1PeriphResetCmd   0x800'b64d    0x1c  Code  Gb  stm32f10x_rcc.o [1]
RCC_APB2PeriphClockCmd   0x800'b5f9    0x1c  Code  Gb  stm32f10x_rcc.o [1]
RCC_APB2PeriphResetCmd   0x800'b631    0x1c  Code  Gb  stm32f10x_rcc.o [1]
RCC_DeInit               0x800'b3c9    0x40  Code  Gb  stm32f10x_rcc.o [1]
RCC_GetClocksFreq        0x800'b505    0xd8  Code  Gb  stm32f10x_rcc.o [1]
RCC_GetFlagStatus        0x800'b669    0x46  Code  Gb  stm32f10x_rcc.o [1]
RCC_GetSYSCLKSource      0x800'b4b3     0xa  Code  Gb  stm32f10x_rcc.o [1]
RCC_HCLKConfig           0x800'b4bd    0x10  Code  Gb  stm32f10x_rcc.o [1]
RCC_HSEConfig            0x800'b409    0x3a  Code  Gb  stm32f10x_rcc.o [1]
RCC_PCLK1Config          0x800'b4cd    0x10  Code  Gb  stm32f10x_rcc.o [1]
RCC_PCLK2Config          0x800'b4dd    0x12  Code  Gb  stm32f10x_rcc.o [1]
RCC_PLLCmd               0x800'b499     0xa  Code  Gb  stm32f10x_rcc.o [1]
RCC_PLLConfig            0x800'b481    0x18  Code  Gb  stm32f10x_rcc.o [1]
RCC_SYSCLKConfig         0x800'b4a3    0x10  Code  Gb  stm32f10x_rcc.o [1]
RCC_USBCLKConfig         0x800'b4ef     0x6  Code  Gb  stm32f10x_rcc.o [1]
RCC_WaitForHSEStartUp    0x800'b443    0x3e  Code  Gb  stm32f10x_rcc.o [1]
Reader_ProcessUartFrame
                         0x800'541d   0x234  Code  Gb  AnyID_CanFestival_Device.o [1]
Region$$Table$$Base      0x800'ebd8           --   Gb  - Linker created -
Region$$Table$$Limit     0x800'ebf8           --   Gb  - Linker created -
SPI_Cmd                  0x800'e467    0x1e  Code  Gb  stm32f10x_spi.o [1]
SPI_I2S_GetFlagStatus    0x800'e48d    0x14  Code  Gb  stm32f10x_spi.o [1]
SPI_I2S_ReceiveData      0x800'e489     0x4  Code  Gb  stm32f10x_spi.o [1]
SPI_I2S_SendData         0x800'e485     0x4  Code  Gb  stm32f10x_spi.o [1]
SPI_Init                 0x800'e429    0x3e  Code  Gb  stm32f10x_spi.o [1]
SVC_Handler              0x800'cd13          Code  Gb  portasm.o [1]
SetSysClock              0x800'e949     0x2  Code  Lc  system_stm32f10x.o [1]
SysTick_Handler          0x800'a827    0x28  Code  Gb  port.o [1]
Sys_CfgClock             0x800'e4b3    0x76  Code  Gb  AnyID_CanFestival_SysCfg.o [1]
Sys_CfgNVIC              0x800'e54f    0x18  Code  Gb  AnyID_CanFestival_SysCfg.o [1]
Sys_CfgPeriphClk         0x800'e529    0x26  Code  Gb  AnyID_CanFestival_SysCfg.o [1]
Sys_CtrlIOInit           0x800'e567     0xc  Code  Gb  AnyID_CanFestival_SysCfg.o [1]
Sys_Delayms              0x800'e4a1    0x12  Code  Gb  AnyID_CanFestival_SysCfg.o [1]
Sys_Init                 0x800'e573    0x9e  Code  Gb  AnyID_CanFestival_SysCfg.o [1]
Sys_TaskCreat            0x800'e611    0xe6  Code  Gb  AnyID_CanFestival_SysCfg.o [1]
SystemInit               0x800'e8f9    0x3c  Code  Gb  system_stm32f10x.o [1]
TIM2_IRQHandler          0x800'db4d    0x36  Code  Gb  stm32f10x_it.o [1]
TIM4_IRQHandler          0x800'ded3    0x2c  Code  Gb  stm32f10x_it.o [1]
TIM_ClearITPendingBit    0x800'b385     0xa  Code  Gb  stm32f10x_tim.o [1]
TIM_Cmd                  0x800'b321    0x1e  Code  Gb  stm32f10x_tim.o [1]
TIM_GetITStatus          0x800'b357    0x2e  Code  Gb  stm32f10x_tim.o [1]
TIM_ITConfig             0x800'b33f    0x18  Code  Gb  stm32f10x_tim.o [1]
TIM_TimeBaseInit         0x800'b27d    0x7c  Code  Gb  stm32f10x_tim.o [1]
Tim_Init                 0x800'b20f    0x62  Code  Gb  Rtos_HL.o [1]
UART4_IRQHandler         0x800'dbd5    0x2a  Code  Gb  stm32f10x_it.o [1]
UART_PORT_RX             0x800'ee68     0x8  Data  Gb  AnyID_CanFestival_Uart_HL.o [1]
UART_PORT_TX             0x800'ee60     0x8  Data  Gb  AnyID_CanFestival_Uart_HL.o [1]
USART1_IRQHandler        0x800'dcd5    0x94  Code  Gb  stm32f10x_it.o [1]
USART2_IRQHandler        0x800'de45    0x8e  Code  Gb  stm32f10x_it.o [1]
USART3_IRQHandler        0x800'ddb5    0x90  Code  Gb  stm32f10x_it.o [1]
USART_ClearFlag          0x800'914f    0x10  Code  Gb  stm32f10x_usart.o [1]
USART_ClearITPendingBit
                         0x800'91c9    0x26  Code  Gb  stm32f10x_usart.o [1]
USART_Cmd                0x800'908d    0x1e  Code  Gb  stm32f10x_usart.o [1]
USART_DMACmd             0x800'911b    0x18  Code  Gb  stm32f10x_usart.o [1]
USART_DeInit             0x800'8f11    0x90  Code  Gb  stm32f10x_usart.o [1]
USART_GetFlagStatus      0x800'9133    0x1c  Code  Gb  stm32f10x_usart.o [1]
USART_GetITStatus        0x800'915f    0x6a  Code  Gb  stm32f10x_usart.o [1]
USART_ITConfig           0x800'90ab    0x70  Code  Gb  stm32f10x_usart.o [1]
USART_Init               0x800'8fa1    0xd6  Code  Gb  stm32f10x_usart.o [1]
USB_LP_CAN1_RX0_IRQHandler
                         0x800'dbff    0x88  Code  Gb  stm32f10x_it.o [1]
Uart_ConfigInt           0x800'b7b9    0x22  Code  Gb  AnyID_CanFestival_Uart_HL.o [1]
Uart_Init                0x800'91f1    0xb4  Code  Gb  AnyID_CanFestival_Uart.o [1]
Uart_InitInterface       0x800'b701    0xb8  Code  Gb  AnyID_CanFestival_Uart_HL.o [1]
Uart_InitRxDma           0x800'b879    0x96  Code  Gb  AnyID_CanFestival_Uart_HL.o [1]
Uart_InitTxDma           0x800'b7db    0x9e  Code  Gb  AnyID_CanFestival_Uart_HL.o [1]
Uart_UsrCheckFrame       0x800'8c19    0xce  Code  Gb  AnyID_CanFestival_Uart_Receive.o [1]
UsageFault_Handler       0x800'db49     0x2  Code  Gb  stm32f10x_it.o [1]
WIFI_PORT_RST            0x800'eeb0     0x8  Data  Gb  AnyID_CanFestival_Wifi_HL.o [1]
WIFI_PORT_RX             0x800'eea8     0x8  Data  Gb  AnyID_CanFestival_Wifi_HL.o [1]
WIFI_PORT_TX             0x800'eea0     0x8  Data  Gb  AnyID_CanFestival_Wifi_HL.o [1]
Wifi_CheckClientConnected
                         0x800'a105    0xa8  Code  Gb  AnyID_CanFestival_Wifi.o [1]
Wifi_CheckEvent          0x800'a031    0x6e  Code  Gb  AnyID_CanFestival_Wifi.o [1]
Wifi_ChkRcv              0x800'9ee7   0x146  Code  Gb  AnyID_CanFestival_Wifi.o [1]
Wifi_ConfigInt           0x800'8e45    0x2e  Code  Gb  AnyID_CanFestival_Wifi_HL.o [1]
Wifi_Connect             0x800'9be5    0x7e  Code  Gb  AnyID_CanFestival_Wifi.o [1]
Wifi_ConnectWifi         0x800'9c7f    0x7a  Code  Gb  AnyID_CanFestival_Wifi.o [1]
Wifi_Delayms             0x800'8dad    0x12  Code  Gb  AnyID_CanFestival_Wifi_HL.o [1]
Wifi_EnableInt           0x800'8e73    0x30  Code  Gb  AnyID_CanFestival_Wifi_HL.o [1]
Wifi_Init                0x800'982d    0x2c  Code  Gb  AnyID_CanFestival_Wifi.o [1]
Wifi_InitInterface       0x800'8d05    0xa8  Code  Gb  AnyID_CanFestival_Wifi_HL.o [1]
Wifi_InitTimer           0x800'8dbf    0x86  Code  Gb  AnyID_CanFestival_Wifi_HL.o [1]
Wifi_NetInit             0x800'9859   0x2a2  Code  Gb  AnyID_CanFestival_Wifi.o [1]
Wifi_QueneEnter          0x800'9c63    0x1c  Code  Gb  AnyID_CanFestival_Wifi.o [1]
Wifi_RcvQueue            0x800'9afb    0xe6  Code  Gb  AnyID_CanFestival_Wifi.o [1]
Wifi_Step                0x800'a09f     0xe  Code  Gb  AnyID_CanFestival_Wifi.o [1]
Wifi_SubDecStr           0x800'a0ad    0x52  Code  Gb  AnyID_CanFestival_Wifi.o [1]
Wifi_Tranceive           0x800'9cf9   0x1ee  Code  Gb  AnyID_CanFestival_Wifi.o [1]
Wifi_WriteAtCmd          0x800'8ee7    0x20  Code  Gb  AnyID_CanFestival_Wifi_HL.o [1]
Wifi_WriteBuffer         0x800'8ecd    0x1a  Code  Gb  AnyID_CanFestival_Wifi_HL.o [1]
Wifi_WriteByte           0x800'8ea3    0x12  Code  Gb  AnyID_CanFestival_Wifi_HL.o [1]
_Encoding_8859_1_Mbrlen
                         0x800'8cf9     0x2  Code  Gb  xencoding_8859_1.o [2]
_Encoding_8859_1_Wctomb
                         0x800'8ce7    0x12  Code  Gb  xencoding_8859_1.o [2]
_LitobFull               0x800'cb17   0x10a  Code  Lc  xprintffull.o [2]
_Locale_lconv           0x2000'0024    0x38  Data  Lc  xlocale_c.o [2]
_PrintfFull              0x800'bc05   0xcc4  Code  Gb  xprintffull.o [2]
_Prout                   0x800'ecc5    0x16  Code  Gb  xprout.o [2]
_PutcharsFull            0x800'cc89    0x2e  Code  Lc  xprintffull.o [2]
_PutstrFull              0x800'ca57    0xc0  Code  Lc  xprintffull.o [2]
_PuttxtFull              0x800'c94b   0x10c  Code  Lc  xprintffull.o [2]
_Rand_idx               0x2000'8aac     0x4  Data  Lc  rand.o [2]
_Rand_rv                0x2000'8a2c    0x80  Data  Lc  rand.o [2]
_Randinit               0x2000'001c     0x1  Data  Gb  rand.o [2]
_Randseed               0x2000'0020     0x4  Data  Gb  rand.o [2]
_SProut                  0x800'8f07     0xa  Code  Gb  xsprout.o [2]
__ICFEDIT_region_RAM_end__ {Abs}
                        0x2000'bfff          Data  Gb  <internal module>
__ICFEDIT_region_RAM_start__ {Abs}
                        0x2000'0000          Data  Gb  <internal module>
__aeabi_cdcmple          0x800'd06d          Code  Gb  DblCmpLe.o [3]
__aeabi_cdrcmple         0x800'd09d          Code  Gb  DblCmpGe.o [3]
__aeabi_d2iz             0x800'd209          Code  Gb  DblToS32.o [3]
__aeabi_d2uiz            0x800'd595          Code  Gb  DblToU32.o [3]
__aeabi_ddiv             0x800'd34d          Code  Gb  DblDiv.o [3]
__aeabi_dmul             0x800'd5d9          Code  Gb  DblMul.o [3]
__aeabi_dsub             0x800'd269          Code  Gb  DblSub.o [3]
__aeabi_i2d              0x800'd245          Code  Gb  S32ToDbl.o [3]
__aeabi_ldiv0            0x800'db29          Code  Gb  I64DivZer.o [4]
__aeabi_memclr           0x800'bbfd          Code  Gb  ABImemclr.o [4]
__aeabi_memcpy           0x800'666d          Code  Gb  ABImemcpy.o [4]
__aeabi_memcpy4          0x800'668d          Code  Gb  ABImemcpy.o [4]
__aeabi_memcpy8          0x800'668d          Code  Gb  ABImemcpy.o [4]
__aeabi_memset           0x800'4131          Code  Gb  ABImemset.o [4]
__aeabi_ui2d             0x800'd5bd          Code  Gb  U32ToDbl.o [3]
__aeabi_uldivmod         0x800'd785          Code  Gb  I64DivMod.o [4]
__cmain                  0x800'ec19          Code  Gb  cmain.o [4]
__exit                   0x800'db2d    0x14  Code  Gb  exit.o [5]
__iar_Fail_s             0x800'cf65    0x1c  Code  Gb  xfail_s.o [2]
__iar_Mbcurmax           0x800'd77b     0xa  Code  Gb  xmbcurmax.o [2]
__iar_Memchr             0x800'cfa5          Code  Gb  memchr.o [4]
__iar_Memset             0x800'4131          Code  Gb  ABImemset.o [4]
__iar_Memset_word        0x800'4139          Code  Gb  ABImemset.o [4]
__iar_Stdout            0x2000'00a4    0x48  Data  Gb  xfiles.o [2]
__iar_Strchr             0x800'ced1          Code  Gb  strchr.o [4]
__iar_dadd               0x800'd279          Code  Gb  DblSub.o [3]
__iar_data_init3         0x800'eafd    0x28  Code  Gb  data_init.o [4]
__iar_dsub               0x800'd9bd          Code  Gb  DblAdd.o [3]
__iar_dsubStart          0x800'd9cf          Code  Gb  DblAdd.o [3]
__iar_frexp              0x800'd009          Code  Gb  frexp.o [3]
__iar_frexp64            0x800'cffd          Code  Gb  frexp.o [3]
__iar_frexpl             0x800'd009          Code  Gb  frexp.o [3]
__iar_globLocale        0x2000'005c    0x48  Data  Lc  xlocale_c.o [2]
__iar_global_Locale      0x800'cee9     0x4  Code  Gb  xlocale_c.o [2]
__iar_ldexp64            0x800'd0cd          Code  Gb  ldexp.o [3]
__iar_lz77_init_single3
                         0x800'e881    0x78  Code  Gb  lz77_init_single.o [4]
__iar_program_start      0x800'ee05          Code  Gb  cstartup_M.o [4]
__iar_scalbln64          0x800'd0cd          Code  Gb  ldexp.o [3]
__iar_scalbn64           0x800'd0cd          Code  Gb  ldexp.o [3]
__iar_zero_init3         0x800'6631    0x3a  Code  Gb  zero_init3.o [4]
__low_level_init         0x800'ec37     0x4  Code  Gb  low_level_init.o [2]
__vector_table           0x800'4000          Data  Gb  startup_stm32f10x_hd.o [1]
_call_main               0x800'ec25          Code  Gb  cmain.o [4]
_exit                    0x800'ec41          Code  Gb  cexit.o [4]
_gLocale_mblen           0x800'cf51     0x4  Code  Gb  xlocale_c.o [2]
_gLocale_mblenInt        0x800'cf15    0x2c  Code  Gb  xlocale_c.o [2]
_gLocale_wctomb          0x800'cf55     0x4  Code  Gb  xlocale_c.o [2]
_gLocale_wctombInt       0x800'cf4d     0x4  Code  Gb  xlocale_c.o [2]
_main                    0x800'ec33          Code  Gb  cmain.o [4]
a_GetCrc                 0x800'6949    0x48  Code  Gb  AnyID_Stdlib.o [1]
abort                    0x800'd9b5     0x6  Code  Gb  abort.o [2]
exit                     0x800'ec3b     0x4  Code  Gb  exit.o [2]
fputc                    0x800'b1fd    0x12  Code  Gb  Rtos_HL.o [1]
frexp                    0x800'cffd          Code  Gb  frexp.o [3]
frexpl                   0x800'cffd          Code  Gb  frexp.o [3]
g_aWifiTmpBuf           0x2000'8790   0x100  Data  Gb  AnyID_CanFestival_Wifi.o [1]
g_hCanComStatus         0x2000'8c40     0x4  Data  Gb  AnyID_CanFestival_Can_HL.o [1]
g_hCanRxQueue           0x2000'8c38     0x4  Data  Gb  AnyID_CanFestival_Can_HL.o [1]
g_hCanTxQueue           0x2000'8c3c     0x4  Data  Gb  AnyID_CanFestival_Can_HL.o [1]
g_hDevice_CanRxDispatch
                        0x2000'8c44     0x4  Data  Gb  AnyID_CanFestival_SysCfg.o [1]
g_hDevice_CanTxDispatch
                        0x2000'8c48     0x4  Data  Gb  AnyID_CanFestival_SysCfg.o [1]
g_hDevice_HLDispatch    0x2000'8c5c     0x4  Data  Gb  AnyID_CanFestival_SysCfg.o [1]
g_hDevice_HeartDispatch
                        0x2000'8c58     0x4  Data  Gb  AnyID_CanFestival_SysCfg.o [1]
g_hDevice_MainDispatch  0x2000'8c54     0x4  Data  Gb  AnyID_CanFestival_SysCfg.o [1]
g_hDevice_UartRxDispatch
                        0x2000'8c4c     0x4  Data  Gb  AnyID_CanFestival_SysCfg.o [1]
g_hDevice_UartTxDispatch
                        0x2000'8c50     0x4  Data  Gb  AnyID_CanFestival_SysCfg.o [1]
g_hUartComStatus        0x2000'8c68     0x4  Data  Gb  AnyID_CanFestival_Uart.o [1]
g_hUartRxQueue          0x2000'8c60     0x4  Data  Gb  AnyID_CanFestival_Uart.o [1]
g_hUartTxQueue          0x2000'8c64     0x4  Data  Gb  AnyID_CanFestival_Uart.o [1]
g_hWifi_NetInit         0x2000'8c70     0x4  Data  Gb  AnyID_CanFestival_Wifi.o [1]
g_nFlashPublicBuffer    0x2000'8690   0x100  Data  Gb  AnyID_CanFestival_Flash.o [1]
g_nLanDr                0x2000'8cf8     0x2  Data  Gb  stm32f10x_it.o [1]
g_nLanSr                0x2000'8cf6     0x2  Data  Gb  stm32f10x_it.o [1]
g_nLogBuffer            0x2000'7f18   0x120  Data  Gb  Rtos_HL.o [1]
g_nLogDr                0x2000'8cf2     0x2  Data  Gb  stm32f10x_it.o [1]
g_nLogSr                0x2000'8cf0     0x2  Data  Gb  stm32f10x_it.o [1]
g_nPeriphLedStatus      0x2000'8cfa     0x1  Data  Gb  AnyID_CanFestival_Periph_HL.o [1]
g_nSysTick              0x2000'8c90     0x4  Data  Gb  Rtos_HL.o [1]
g_nUartSr               0x2000'8cf4     0x2  Data  Gb  stm32f10x_it.o [1]
g_nWifiStatus           0x2000'8c6c     0x4  Data  Gb  AnyID_CanFestival_Wifi.o [1]
g_sCanRspFrame          0x2000'8b74    0x14  Data  Gb  AnyID_CanFestival_Can_HL.o [1]
g_sDeviceOp             0x2000'8b40    0x34  Data  Gb  AnyID_CanFestival_Device.o [1]
g_sDeviceParams         0x2000'8978    0xb4  Data  Gb  AnyID_CanFestival_Device.o [1]
g_sDeviceSubInfo        0x2000'78ec   0x3c0  Data  Gb  AnyID_CanFestival_Device.o [1]
g_sFramBootParamenter   0x2000'8c28     0x8  Data  Gb  AnyID_CanFestival_FRam.o [1]
g_sLanRxFrame           0x2000'8038   0x110  Data  Gb  AnyID_CanFestival_Lan.o [1]
g_sLanTxFrame           0x2000'8478   0x10c  Data  Gb  AnyID_CanFestival_Lan.o [1]
g_sRspCanFrame          0x2000'8b88    0x14  Data  Gb  AnyID_CanFestival_Can_HL.o [1]
g_sUartRxFrame          0x2000'8148   0x110  Data  Gb  AnyID_CanFestival_Uart_Receive.o [1]
g_sUartTempRcvFrame     0x2000'8368   0x110  Data  Gb  AnyID_CanFestival_Wifi.o [1]
g_sUartTxFrame          0x2000'8584   0x10c  Data  Gb  AnyID_CanFestival_Uart_Receive.o [1]
g_sWifiOpRegs           0x2000'8890    0xe8  Data  Gb  AnyID_CanFestival_Wifi.o [1]
g_sWifiRxFrame          0x2000'8258   0x110  Data  Gb  AnyID_CanFestival_Wifi.o [1]
ldexp                    0x800'd0cd          Code  Gb  ldexp.o [3]
ldexpl                   0x800'd0cd          Code  Gb  ldexp.o [3]
localeconv               0x800'cf59     0x4  Code  Gb  xlocale_c.o [2]
main                     0x800'eacd    0x30  Code  Gb  main.o [1]
memchr                   0x800'cfa5          Code  Gb  memchr.o [4]
obuf                    0x2000'8ab0    0x50  Data  Lc  xfiles.o [2]
pcInterruptPriorityRegisters
                         0x800'eef0     0x4  Data  Lc  port.o [1]
printf                   0x800'a66d    0x28  Code  Gb  printf.o [2]
prvAddCurrentTaskToDelayedList
                         0x800'8b39    0xb0  Code  Lc  tasks.o [1]
prvAddNewTaskToReadyList
                         0x800'7ac3    0xc0  Code  Lc  tasks.o [1]
prvCheckForValidListAndQueue
                         0x800'af67    0x46  Code  Lc  timers.o [1]
prvCheckTasksWaitingTermination
                         0x800'8737    0x3a  Code  Lc  tasks.o [1]
prvCopyDataFromQueue     0x800'75d7    0x36  Code  Lc  queue.o [1]
prvCopyDataToQueue       0x800'753b    0x9c  Code  Lc  queue.o [1]
prvDeleteTCB             0x800'8781    0x12  Code  Lc  tasks.o [1]
prvGetDisinheritPriorityAfterTimeout
                         0x800'7525    0x16  Code  Lc  queue.o [1]
prvGetNextExpireTime     0x800'ad8b    0x26  Code  Lc  timers.o [1]
prvHeapInit              0x800'ab5f    0x5a  Code  Lc  heap_4.o [1]
prvIdleTask              0x800'86c1    0x24  Code  Lc  tasks.o [1]
prvInitialiseNewQueue    0x800'6c37    0x3c  Code  Lc  queue.o [1]
prvInitialiseNewTask     0x800'79c3   0x100  Code  Lc  tasks.o [1]
prvInitialiseTaskLists   0x800'86e5    0x52  Code  Lc  tasks.o [1]
prvInsertBlockIntoFreeList
                         0x800'abb9    0x5e  Code  Lc  heap_4.o [1]
prvInsertTimerInActiveList
                         0x800'add7    0x50  Code  Lc  timers.o [1]
prvIsQueueEmpty          0x800'7695    0x1c  Code  Lc  queue.o [1]
prvIsQueueFull           0x800'76b1    0x1e  Code  Lc  queue.o [1]
prvNotifyQueueSetContainer
                         0x800'77cf    0xc4  Code  Lc  queue.o [1]
prvProcessExpiredTimer   0x800'acc1    0x3e  Code  Lc  timers.o [1]
prvProcessReceivedCommands
                         0x800'ae27   0x114  Code  Lc  timers.o [1]
prvProcessTimerOrBlockTask
                         0x800'ad1b    0x70  Code  Lc  timers.o [1]
prvReloadTimer           0x800'ac99    0x28  Code  Lc  timers.o [1]
prvResetNextTaskUnblockTime
                         0x800'8793    0x24  Code  Lc  tasks.o [1]
prvSampleTimeNow         0x800'adb1    0x26  Code  Lc  timers.o [1]
prvSampleTimeNow::xLastTime
                        0x2000'8ce8     0x4  Data  Lc  timers.o [1]
prvSwitchTimerLists      0x800'af3b    0x2c  Code  Lc  timers.o [1]
prvTaskExitError         0x800'a6b5    0x36  Code  Lc  port.o [1]
prvTaskIsTaskSuspended   0x800'7dbf    0x4e  Code  Lc  tasks.o [1]
prvTimerTask             0x800'ad01    0x1a  Code  Lc  timers.o [1]
prvUnlockQueue           0x800'760d    0x88  Code  Lc  queue.o [1]
putchar                  0x800'ecdd     0xc  Code  Gb  putchar.o [2]
pvPortMalloc             0x800'a9a5   0x12c  Code  Gb  heap_4.o [1]
pvTaskIncrementMutexHeldCount
                         0x800'8afd    0x16  Code  Gb  tasks.o [1]
pxCurrentTCB            0x2000'8c94     0x4  Data  Gb  tasks.o [1]
pxCurrentTimerList      0x2000'8cd8     0x4  Data  Lc  timers.o [1]
pxDelayedTaskList       0x2000'8c98     0x4  Data  Lc  tasks.o [1]
pxEnd                   0x2000'8c74     0x4  Data  Lc  heap_4.o [1]
pxOverflowDelayedTaskList
                        0x2000'8c9c     0x4  Data  Lc  tasks.o [1]
pxOverflowTimerList     0x2000'8cdc     0x4  Data  Lc  timers.o [1]
pxPortInitialiseStack    0x800'a695    0x20  Code  Gb  port.o [1]
pxReadyTasksLists       0x2000'7cac   0x26c  Data  Lc  tasks.o [1]
rand                     0x800'78a1    0x94  Code  Gb  rand.o [2]
scalbln                  0x800'd0cd          Code  Gb  ldexp.o [3]
scalblnl                 0x800'd0cd          Code  Gb  ldexp.o [3]
scalbn                   0x800'd0cd          Code  Gb  ldexp.o [3]
scalbnl                  0x800'd0cd          Code  Gb  ldexp.o [3]
scale                    0x800'cc21    0x46  Code  Lc  xprintffull.o [2]
sec_hand                0x2000'8cec     0x4  Data  Lc  xfail_s.o [2]
sprintf                  0x800'bb91    0x40  Code  Gb  sprintf.o [2]
strchr                   0x800'ced1          Code  Gb  strchr.o [4]
strlen                   0x800'b391          Code  Gb  strlen.o [4]
strstr                   0x800'bbd1    0x2c  Code  Gb  strstr.o [2]
ucHeap                  0x2000'00ec  0x7800  Data  Lc  heap_4.o [1]
ucMaxSysCallPriority    0x2000'8cfb     0x1  Data  Lc  port.o [1]
ulMaxPRIGROUPValue      0x2000'8c88     0x4  Data  Lc  port.o [1]
ulTaskSwitchedInTime    0x2000'8cd0     0x4  Data  Lc  tasks.o [1]
ulTotalRunTime          0x2000'8cd4     0x4  Data  Lc  tasks.o [1]
uxCriticalNesting       0x2000'0000     0x4  Data  Lc  port.o [1]
uxCurrentNumberOfTasks  0x2000'8ca4     0x4  Data  Lc  tasks.o [1]
uxDeletedTasksWaitingCleanUp
                        0x2000'8ca0     0x4  Data  Lc  tasks.o [1]
uxListRemove             0x800'a97b    0x28  Code  Gb  list.o [1]
uxSchedulerSuspended    0x2000'8ccc     0x4  Data  Lc  tasks.o [1]
uxTaskGetNumberOfTasks   0x800'8177     0x8  Code  Gb  tasks.o [1]
uxTaskNumber            0x2000'8cc0     0x4  Data  Lc  tasks.o [1]
uxTopReadyPriority      0x2000'8cac     0x4  Data  Lc  tasks.o [1]
uxTopUsedPriority       0x2000'0018     0x4  Data  Gb  tasks.o [1]
vListInitialise          0x800'a909    0x1e  Code  Gb  list.o [1]
vListInitialiseItem      0x800'a927     0x6  Code  Gb  list.o [1]
vListInsert              0x800'a945    0x36  Code  Gb  list.o [1]
vListInsertEnd           0x800'a92d    0x18  Code  Gb  list.o [1]
vPortEnterCritical       0x800'a7ab    0x42  Code  Gb  port.o [1]
vPortExitCritical        0x800'a7ed    0x3a  Code  Gb  port.o [1]
vPortFree                0x800'aad1    0x8e  Code  Gb  heap_4.o [1]
vPortStartFirstTask      0x800'cd33          Code  Gb  portasm.o [1]
vPortValidateInterruptPriority
                         0x800'a851    0x68  Code  Gb  port.o [1]
vQueueAddToRegistry      0x800'76cf    0x68  Code  Gb  queue.o [1]
vQueueDelete             0x800'74ed    0x38  Code  Gb  queue.o [1]
vQueueUnregisterQueue    0x800'7737    0x4c  Code  Gb  queue.o [1]
vQueueWaitForMessageRestricted
                         0x800'7783    0x4c  Code  Gb  queue.o [1]
vTaskDelay               0x800'7c67    0x5e  Code  Gb  tasks.o [1]
vTaskDelete              0x800'7b83    0xe4  Code  Gb  tasks.o [1]
vTaskInternalSetTimeOutState
                         0x800'85d1    0x12  Code  Gb  tasks.o [1]
vTaskMissedYield         0x800'86b3     0xa  Code  Gb  tasks.o [1]
vTaskPlaceOnEventList    0x800'8409    0x44  Code  Gb  tasks.o [1]
vTaskPlaceOnEventListRestricted
                         0x800'844d    0x68  Code  Gb  tasks.o [1]
vTaskPriorityDisinheritAfterTimeout
                         0x800'89c5   0x138  Code  Gb  tasks.o [1]
vTaskResume              0x800'7e0d    0xb4  Code  Gb  tasks.o [1]
vTaskStartScheduler      0x800'7f91    0x88  Code  Gb  tasks.o [1]
vTaskSuspend             0x800'7cc5    0xfa  Code  Gb  tasks.o [1]
vTaskSuspendAll          0x800'8019     0xc  Code  Gb  tasks.o [1]
vTaskSwitchContext       0x800'8359    0xb0  Code  Gb  tasks.o [1]
xActiveTimerList1       0x2000'8c00    0x14  Data  Lc  timers.o [1]
xActiveTimerList2       0x2000'8c14    0x14  Data  Lc  timers.o [1]
xDelayedTaskList1       0x2000'8b9c    0x14  Data  Lc  tasks.o [1]
xDelayedTaskList2       0x2000'8bb0    0x14  Data  Lc  tasks.o [1]
xFreeBytesRemaining     0x2000'8c78     0x4  Data  Lc  heap_4.o [1]
xHeapStructSize          0x800'eeec     0x4  Data  Lc  heap_4.o [1]
xIdleTaskHandle         0x2000'8cc8     0x4  Data  Lc  tasks.o [1]
xMinimumEverFreeBytesRemaining
                        0x2000'8c7c     0x4  Data  Lc  heap_4.o [1]
xNextTaskUnblockTime    0x2000'8cc4     0x4  Data  Lc  tasks.o [1]
xNumOfOverflows         0x2000'8cbc     0x4  Data  Lc  tasks.o [1]
xNumberOfSuccessfulAllocations
                        0x2000'8c80     0x4  Data  Lc  heap_4.o [1]
xNumberOfSuccessfulFrees
                        0x2000'8c84     0x4  Data  Lc  heap_4.o [1]
xPendedTicks            0x2000'8cb4     0x4  Data  Lc  tasks.o [1]
xPendingReadyList       0x2000'8bc4    0x14  Data  Lc  tasks.o [1]
xPortStartScheduler      0x800'a6eb    0xc0  Code  Gb  port.o [1]
xQueueGenericCreate      0x800'6bbb    0x7c  Code  Gb  queue.o [1]
xQueueGenericReset       0x800'6ad1    0xea  Code  Gb  queue.o [1]
xQueueGenericSend        0x800'6c73   0x21e  Code  Gb  queue.o [1]
xQueueGenericSendFromISR
                         0x800'6e91   0x174  Code  Gb  queue.o [1]
xQueuePeek               0x800'7351   0x190  Code  Gb  queue.o [1]
xQueueReceive            0x800'7005   0x194  Code  Gb  queue.o [1]
xQueueRegistry          0x2000'8b00    0x40  Data  Gb  queue.o [1]
xQueueSemaphoreTake      0x800'7199   0x1b2  Code  Gb  queue.o [1]
xSchedulerRunning       0x2000'8cb0     0x4  Data  Lc  tasks.o [1]
xStart                  0x2000'8c30     0x8  Data  Lc  heap_4.o [1]
xSuspendedTaskList      0x2000'8bec    0x14  Data  Lc  tasks.o [1]
xTaskCheckForTimeOut     0x800'85e9    0xca  Code  Gb  tasks.o [1]
xTaskCreate              0x800'7945    0x7e  Code  Gb  tasks.o [1]
xTaskGetSchedulerState   0x800'87b7    0x20  Code  Gb  tasks.o [1]
xTaskGetTickCount        0x800'816f     0x8  Code  Gb  tasks.o [1]
xTaskIncrementTick       0x800'81b9   0x1a0  Code  Gb  tasks.o [1]
xTaskPriorityDisinherit
                         0x800'88c9    0xe2  Code  Gb  tasks.o [1]
xTaskPriorityInherit     0x800'87e5    0xd6  Code  Gb  tasks.o [1]
xTaskRemoveFromEventList
                         0x800'84b9   0x104  Code  Gb  tasks.o [1]
xTaskResumeAll           0x800'8025   0x14a  Code  Gb  tasks.o [1]
xTaskResumeFromISR       0x800'7ec1    0xd0  Code  Gb  tasks.o [1]
xTasksWaitingTermination
                        0x2000'8bd8    0x14  Data  Lc  tasks.o [1]
xTickCount              0x2000'8ca8     0x4  Data  Lc  tasks.o [1]
xTimerCreateTimerTask    0x800'ac41    0x58  Code  Gb  timers.o [1]
xTimerQueue             0x2000'8ce0     0x4  Data  Lc  timers.o [1]
xTimerTaskHandle        0x2000'8ce4     0x4  Data  Lc  timers.o [1]
xYieldPending           0x2000'8cb8     0x4  Data  Lc  tasks.o [1]


[1] = E:\AnyID\Git\RP3423_MB\RP3423_MB\RP3423_MB\Build\Obj
[2] = dl7M_tlf.a
[3] = m7M_tl.a
[4] = rt7M_tl.a
[5] = shb_l.a

  39'981 bytes of readonly  code memory
   1'356 bytes of readonly  data memory (+ 50 absolute)
  44'284 bytes of readwrite data memory

Errors: none
Warnings: none
