###############################################################################
#
# IAR ELF Linker V8.40.1.212/W32 for ARM                  08/Jan/2025  18:00:10
# Copyright 2007-2019 IAR Systems AB.
#
#    Output file  =
#        E:\AnyID\Git\RP3423_MB\RP3423_MB\RP3423_MB\Build\Exe\RP3423_MB.out
#    Map file     =
#        E:\AnyID\Git\RP3423_MB\RP3423_MB\RP3423_MB\Build\List\RP3423_MB.map
#    Command line =
#        -f C:\Users\swnw\AppData\Local\Temp\EW2EB8.tmp
#        (E:\AnyID\Git\RP3423_MB\RP3423_MB\RP3423_MB\Build\Obj\AnyID_CanFestival_Can_HL.o
#        E:\AnyID\Git\RP3423_MB\RP3423_MB\RP3423_MB\Build\Obj\AnyID_CanFestival_Device.o
#        E:\AnyID\Git\RP3423_MB\RP3423_MB\RP3423_MB\Build\Obj\AnyID_CanFestival_Flash.o
#        E:\AnyID\Git\RP3423_MB\RP3423_MB\RP3423_MB\Build\Obj\AnyID_CanFestival_Flash_HL.o
#        E:\AnyID\Git\RP3423_MB\RP3423_MB\RP3423_MB\Build\Obj\AnyID_CanFestival_FlashM25.o
#        E:\AnyID\Git\RP3423_MB\RP3423_MB\RP3423_MB\Build\Obj\AnyID_CanFestival_FRam.o
#        E:\AnyID\Git\RP3423_MB\RP3423_MB\RP3423_MB\Build\Obj\AnyID_CanFestival_FRam_HL.o
#        E:\AnyID\Git\RP3423_MB\RP3423_MB\RP3423_MB\Build\Obj\AnyID_CanFestival_Lan.o
#        E:\AnyID\Git\RP3423_MB\RP3423_MB\RP3423_MB\Build\Obj\AnyID_CanFestival_Lan_HL.o
#        E:\AnyID\Git\RP3423_MB\RP3423_MB\RP3423_MB\Build\Obj\AnyID_CanFestival_Periph_HL.o
#        E:\AnyID\Git\RP3423_MB\RP3423_MB\RP3423_MB\Build\Obj\AnyID_CanFestival_RTC.o
#        E:\AnyID\Git\RP3423_MB\RP3423_MB\RP3423_MB\Build\Obj\AnyID_CanFestival_SysCfg.o
#        E:\AnyID\Git\RP3423_MB\RP3423_MB\RP3423_MB\Build\Obj\AnyID_CanFestival_Tim_HL.o
#        E:\AnyID\Git\RP3423_MB\RP3423_MB\RP3423_MB\Build\Obj\AnyID_CanFestival_Uart.o
#        E:\AnyID\Git\RP3423_MB\RP3423_MB\RP3423_MB\Build\Obj\AnyID_CanFestival_Uart_HL.o
#        E:\AnyID\Git\RP3423_MB\RP3423_MB\RP3423_MB\Build\Obj\AnyID_CanFestival_Uart_Receive.o
#        E:\AnyID\Git\RP3423_MB\RP3423_MB\RP3423_MB\Build\Obj\AnyID_CanFestival_WDG_HL.o
#        E:\AnyID\Git\RP3423_MB\RP3423_MB\RP3423_MB\Build\Obj\AnyID_CanFestival_Wifi.o
#        E:\AnyID\Git\RP3423_MB\RP3423_MB\RP3423_MB\Build\Obj\AnyID_CanFestival_Wifi_HL.o
#        E:\AnyID\Git\RP3423_MB\RP3423_MB\RP3423_MB\Build\Obj\AnyID_FRam.o
#        E:\AnyID\Git\RP3423_MB\RP3423_MB\RP3423_MB\Build\Obj\AnyID_Stdlib.o
#        E:\AnyID\Git\RP3423_MB\RP3423_MB\RP3423_MB\Build\Obj\croutine.o
#        E:\AnyID\Git\RP3423_MB\RP3423_MB\RP3423_MB\Build\Obj\event_groups.o
#        E:\AnyID\Git\RP3423_MB\RP3423_MB\RP3423_MB\Build\Obj\heap_4.o
#        E:\AnyID\Git\RP3423_MB\RP3423_MB\RP3423_MB\Build\Obj\list.o
#        E:\AnyID\Git\RP3423_MB\RP3423_MB\RP3423_MB\Build\Obj\main.o
#        E:\AnyID\Git\RP3423_MB\RP3423_MB\RP3423_MB\Build\Obj\misc.o
#        E:\AnyID\Git\RP3423_MB\RP3423_MB\RP3423_MB\Build\Obj\port.o
#        E:\AnyID\Git\RP3423_MB\RP3423_MB\RP3423_MB\Build\Obj\portasm.o
#        E:\AnyID\Git\RP3423_MB\RP3423_MB\RP3423_MB\Build\Obj\queue.o
#        E:\AnyID\Git\RP3423_MB\RP3423_MB\RP3423_MB\Build\Obj\Rtos_HL.o
#        E:\AnyID\Git\RP3423_MB\RP3423_MB\RP3423_MB\Build\Obj\startup_stm32f10x_hd.o
#        E:\AnyID\Git\RP3423_MB\RP3423_MB\RP3423_MB\Build\Obj\stm32f10x_adc.o
#        E:\AnyID\Git\RP3423_MB\RP3423_MB\RP3423_MB\Build\Obj\stm32f10x_bkp.o
#        E:\AnyID\Git\RP3423_MB\RP3423_MB\RP3423_MB\Build\Obj\stm32f10x_can.o
#        E:\AnyID\Git\RP3423_MB\RP3423_MB\RP3423_MB\Build\Obj\stm32f10x_cec.o
#        E:\AnyID\Git\RP3423_MB\RP3423_MB\RP3423_MB\Build\Obj\stm32f10x_crc.o
#        E:\AnyID\Git\RP3423_MB\RP3423_MB\RP3423_MB\Build\Obj\stm32f10x_dac.o
#        E:\AnyID\Git\RP3423_MB\RP3423_MB\RP3423_MB\Build\Obj\stm32f10x_dbgmcu.o
#        E:\AnyID\Git\RP3423_MB\RP3423_MB\RP3423_MB\Build\Obj\stm32f10x_dma.o
#        E:\AnyID\Git\RP3423_MB\RP3423_MB\RP3423_MB\Build\Obj\stm32f10x_exti.o
#        E:\AnyID\Git\RP3423_MB\RP3423_MB\RP3423_MB\Build\Obj\stm32f10x_flash.o
#        E:\AnyID\Git\RP3423_MB\RP3423_MB\RP3423_MB\Build\Obj\stm32f10x_fsmc.o
#        E:\AnyID\Git\RP3423_MB\RP3423_MB\RP3423_MB\Build\Obj\stm32f10x_gpio.o
#        E:\AnyID\Git\RP3423_MB\RP3423_MB\RP3423_MB\Build\Obj\stm32f10x_i2c.o
#        E:\AnyID\Git\RP3423_MB\RP3423_MB\RP3423_MB\Build\Obj\stm32f10x_it.o
#        E:\AnyID\Git\RP3423_MB\RP3423_MB\RP3423_MB\Build\Obj\stm32f10x_iwdg.o
#        E:\AnyID\Git\RP3423_MB\RP3423_MB\RP3423_MB\Build\Obj\stm32f10x_pwr.o
#        E:\AnyID\Git\RP3423_MB\RP3423_MB\RP3423_MB\Build\Obj\stm32f10x_rcc.o
#        E:\AnyID\Git\RP3423_MB\RP3423_MB\RP3423_MB\Build\Obj\stm32f10x_rtc.o
#        E:\AnyID\Git\RP3423_MB\RP3423_MB\RP3423_MB\Build\Obj\stm32f10x_sdio.o
#        E:\AnyID\Git\RP3423_MB\RP3423_MB\RP3423_MB\Build\Obj\stm32f10x_spi.o
#        E:\AnyID\Git\RP3423_MB\RP3423_MB\RP3423_MB\Build\Obj\stm32f10x_tim.o
#        E:\AnyID\Git\RP3423_MB\RP3423_MB\RP3423_MB\Build\Obj\stm32f10x_usart.o
#        E:\AnyID\Git\RP3423_MB\RP3423_MB\RP3423_MB\Build\Obj\stm32f10x_wwdg.o
#        E:\AnyID\Git\RP3423_MB\RP3423_MB\RP3423_MB\Build\Obj\stream_buffer.o
#        E:\AnyID\Git\RP3423_MB\RP3423_MB\RP3423_MB\Build\Obj\system_stm32f10x.o
#        E:\AnyID\Git\RP3423_MB\RP3423_MB\RP3423_MB\Build\Obj\tasks.o
#        E:\AnyID\Git\RP3423_MB\RP3423_MB\RP3423_MB\Build\Obj\timers.o
#        --redirect _Printf=_PrintfFull --redirect _Scanf=_ScanfFull
#        --no_out_extension -o
#        E:\AnyID\Git\RP3423_MB\RP3423_MB\RP3423_MB\Build\Exe\RP3423_MB.out
#        --map
#        E:\AnyID\Git\RP3423_MB\RP3423_MB\RP3423_MB\Build\List\RP3423_MB.map
#        --config E:\AnyID\Git\RP3423_MB\RP3423_MB\RP3423_MB\GD32F303xC.icf
#        --semihosting --entry __iar_program_start --vfe --text_out locale)
#
###############################################################################

*******************************************************************************
*** RUNTIME MODEL ATTRIBUTES
***

CppFlavor       = *
__SystemLibrary = DLib
__dlib_version  = 6


*******************************************************************************
*** HEAP SELECTION
***

The basic heap was selected because no calls to memory allocation
functions were found in the application outside of system library
functions, and there are calls to deallocation functions in the
application.


*******************************************************************************
*** PLACEMENT SUMMARY
***

"A0":  place at address 0x800'4000 { ro section .intvec };
"P1":  place in [from 0x800'4000 to 0x803'ffff] { ro };
define block CSTACK with size = 8K, alignment = 8 { };
define block HEAP with size = 9472, alignment = 8 { };
"P2":  place in [from 0x2000'0000 to 0x2000'bfff] {
          rw, block CSTACK, block HEAP };
initialize by copy { rw };

  Section            Kind         Address    Size  Object
  -------            ----         -------    ----  ------
"A0":                                       0x130
  .intvec            ro code   0x800'4000   0x130  startup_stm32f10x_hd.o [1]
                             - 0x800'4130   0x130

"P1", part 1 of 2:                           0xd9
  .text              ro code   0x800'4130    0x66  ABImemset.o [4]
  Initializer bytes  const     0x800'4196    0x73  <for P2-1>
                             - 0x800'4209    0xd9

Absolute sections:                           0x32
  .rodata            const     0x800'5000    0x32  AnyID_CanFestival_Device.o [1]
                             - 0x800'5032    0x32

"P1", part 2 of 2:                         0xa68c
  .text              ro code   0x800'5034  0x197c  AnyID_CanFestival_Device.o [1]
  .text              ro code   0x800'69b0   0x2b0  AnyID_CanFestival_Can_HL.o [1]
  .text              ro code   0x800'6c60    0x3a  zero_init3.o [4]
  .text              ro code   0x800'6c9c    0xa6  ABImemcpy.o [4]
  .text              ro code   0x800'6d42   0x236  AnyID_FRam.o [1]
  .text              ro code   0x800'6f78    0x48  AnyID_Stdlib.o [1]
  .text              ro code   0x800'6fc0   0x140  AnyID_CanFestival_FRam.o [1]
  .text              ro code   0x800'7100   0xdd0  queue.o [1]
  .text              ro code   0x800'7ed0    0xb8  stm32f10x_rtc.o [1]
  .text              ro code   0x800'7f88   0x1a0  AnyID_CanFestival_RTC.o [1]
  .text              ro code   0x800'8128  0x13c4  tasks.o [1]
  .text              ro code   0x800'94ec   0x274  port.o [1]
  .text              ro code   0x800'9760    0xce  AnyID_CanFestival_Uart_Receive.o [1]
  .text              ro code   0x800'982e    0x1e  xencoding_8859_1.o [2]
  .text              ro code   0x800'984c   0x202  AnyID_CanFestival_Wifi_HL.o [1]
  .text              ro code   0x800'9a4e     0xa  xsprout.o [2]
  .text              ro code   0x800'9a58   0x2de  stm32f10x_usart.o [1]
  .rodata            const     0x800'9d36     0x2  xlocale_c.o [2]
  .text              ro code   0x800'9d38    0xb4  AnyID_CanFestival_Uart.o [1]
  .text              ro code   0x800'9dec   0x6ae  stm32f10x_can.o [1]
  .rodata            const     0x800'a49a     0x2  xlocale_c.o [2]
  .text              ro code   0x800'a49c    0x54  AnyID_CanFestival_Lan.o [1]
  .text              ro code   0x800'a4f0   0xa30  AnyID_CanFestival_Wifi.o [1]
  .text              ro code   0x800'af20    0x40  sprintf.o [2]
  .text              ro code   0x800'af60    0x36  strlen.o [4]
  .rodata            const     0x800'af96     0x1  xlocale_c.o [2]
  .text              ro code   0x800'af98   0x178  stm32f10x_gpio.o [1]
  .text              ro code   0x800'b110    0x98  misc.o [1]
  .text              ro code   0x800'b1a8   0x228  AnyID_CanFestival_FRam_HL.o [1]
  .text              ro code   0x800'b3d0    0x28  printf.o [2]
  .text              ro code   0x800'b3f8    0x9a  list.o [1]
  .text              ro code   0x800'b494   0x29c  heap_4.o [1]
  .text              ro code   0x800'b730    0x10  stm32f10x_pwr.o [1]
  .text              ro code   0x800'b740    0x50  stm32f10x_bkp.o [1]
  .text              ro code   0x800'b790   0x390  stm32f10x_rcc.o [1]
  .text              ro code   0x800'bb20   0x39c  timers.o [1]
  .text              ro code   0x800'bebc   0x2a0  Rtos_HL.o [1]
  CODE               ro code   0x800'c15c    0x88  portasm.o [1]
  .text              ro code   0x800'c1e4   0x112  stm32f10x_tim.o [1]
  .text              ro code   0x800'c2f8   0x22c  AnyID_CanFestival_Uart_HL.o [1]
  .text              ro code   0x800'c524   0x264  AnyID_CanFestival_Lan_HL.o [1]
  .text              ro code   0x800'c788    0x2c  strstr.o [2]
  .text              ro code   0x800'c7b4     0x6  ABImemclr.o [4]
  .text              ro code   0x800'c7bc  0x10c6  xprintffull.o [2]
  .text              ro code   0x800'd884   0x17c  stm32f10x_dma.o [1]
  .text              ro code   0x800'da00    0x16  strchr.o [4]
  .text              ro code   0x800'da18    0x7c  xlocale_c.o [2]
  .text              ro code   0x800'da94    0x40  xfail_s.o [2]
  .text              ro code   0x800'dad4    0x58  memchr.o [4]
  .text              ro code   0x800'db2c    0x70  frexp.o [3]
  .text              ro code   0x800'db9c    0x2e  DblCmpLe.o [3]
  .text              ro code   0x800'dbcc    0x2e  DblCmpGe.o [3]
  .text              ro code   0x800'dbfc   0x13a  ldexp.o [3]
  .text              ro code   0x800'dd38    0x3a  DblToS32.o [3]
  .text              ro code   0x800'dd74    0x22  S32ToDbl.o [3]
  .text              ro code   0x800'dd98    0xe2  DblSub.o [3]
  .text              ro code   0x800'de7c   0x246  DblDiv.o [3]
  .text              ro code   0x800'e0c4    0x28  DblToU32.o [3]
  .text              ro code   0x800'e0ec    0x1a  U32ToDbl.o [3]
  .text              ro code   0x800'e108   0x1a2  DblMul.o [3]
  .text              ro code   0x800'e2aa     0xa  xmbcurmax.o [2]
  .text              ro code   0x800'e2b4   0x230  I64DivMod.o [4]
  .text              ro code   0x800'e4e4     0x6  abort.o [2]
  .text              ro code   0x800'e4ec   0x16a  DblAdd.o [3]
  .text              ro code   0x800'e658     0x2  I64DivZer.o [4]
  .text              ro code   0x800'e65c    0x14  exit.o [5]
  .text              ro code   0x800'e670   0x474  stm32f10x_it.o [1]
  .text              ro code   0x800'eae4   0x2f0  AnyID_CanFestival_SysCfg.o [1]
  .text              ro code   0x800'edd4    0x2c  stm32f10x_flash.o [1]
  .text              ro code   0x800'ee00    0x4c  AnyID_CanFestival_Periph_HL.o [1]
  .text              ro code   0x800'ee4c    0xb8  AnyID_CanFestival_Flash_HL.o [1]
  .text              ro code   0x800'ef04    0x5c  stm32f10x_spi.o [1]
  .text              ro code   0x800'ef60    0x78  lz77_init_single.o [4]
  .text              ro code   0x800'efd8    0x52  system_stm32f10x.o [1]
  .rodata            const     0x800'f02c    0x44  heap_4.o [1]
  .rodata            const     0x800'f070    0x3c  port.o [1]
  .rodata            const     0x800'f0ac    0x38  timers.o [1]
  .rodata            const     0x800'f0e4    0x34  queue.o [1]
  .rodata            const     0x800'f118    0x34  tasks.o [1]
  .rodata            const     0x800'f14c    0x30  AnyID_CanFestival_Periph_HL.o [1]
  .rodata            const     0x800'f17c    0x30  AnyID_CanFestival_Wifi.o [1]
  .text              ro code   0x800'f1ac    0x30  main.o [1]
  .text              ro code   0x800'f1dc    0x28  data_init.o [4]
  .rodata            const     0x800'f204    0x24  heap_4.o [1]
  .rodata            const     0x800'f228    0x24  port.o [1]
  .rodata            const     0x800'f24c    0x24  queue.o [1]
  .rodata            const     0x800'f270    0x24  tasks.o [1]
  .rodata            const     0x800'f294    0x24  timers.o [1]
  .iar.init_table    const     0x800'f2b8    0x20  - Linker created -
  .rodata            const     0x800'f2d8    0x20  AnyID_CanFestival_Wifi.o [1]
  .text              ro code   0x800'f2f8    0x1e  cmain.o [4]
  .text              ro code   0x800'f316     0x4  low_level_init.o [2]
  .text              ro code   0x800'f31a     0x4  exit.o [2]
  .text              ro code   0x800'f320     0xa  cexit.o [4]
  .rodata            const     0x800'f32c    0x1c  AnyID_CanFestival_Device.o [1]
  .rodata            const     0x800'f348    0x18  AnyID_CanFestival_SysCfg.o [1]
  .rodata            const     0x800'f360    0x18  AnyID_CanFestival_SysCfg.o [1]
  .rodata            const     0x800'f378    0x18  AnyID_CanFestival_SysCfg.o [1]
  .rodata            const     0x800'f390    0x18  AnyID_CanFestival_SysCfg.o [1]
  .rodata            const     0x800'f3a8    0x18  AnyID_CanFestival_SysCfg.o [1]
  .text              ro code   0x800'f3c0    0x16  xprout.o [2]
  .text              ro code   0x800'f3d8     0xc  putchar.o [2]
  .rodata            const     0x800'f3e4    0x14  AnyID_CanFestival_SysCfg.o [1]
  .rodata            const     0x800'f3f8    0x14  AnyID_CanFestival_SysCfg.o [1]
  .rodata            const     0x800'f40c    0x14  AnyID_CanFestival_SysCfg.o [1]
  .rodata            const     0x800'f420    0x14  AnyID_CanFestival_Wifi.o [1]
  .rodata            const     0x800'f434    0x14  AnyID_CanFestival_Wifi.o [1]
  .rodata            const     0x800'f448    0x10  AnyID_CanFestival_SysCfg.o [1]
  .rodata            const     0x800'f458    0x10  AnyID_CanFestival_Wifi.o [1]
  .rodata            const     0x800'f468    0x10  AnyID_CanFestival_Wifi.o [1]
  .rodata            const     0x800'f478    0x10  AnyID_CanFestival_Wifi.o [1]
  .rodata            const     0x800'f488    0x10  main.o [1]
  .text              ro code   0x800'f498    0x10  startup_stm32f10x_hd.o [1]
  .rodata            const     0x800'f4a8     0xc  AnyID_CanFestival_Device.o [1]
  .rodata            const     0x800'f4b4     0xc  AnyID_CanFestival_Device.o [1]
  .rodata            const     0x800'f4c0     0xc  AnyID_CanFestival_Wifi.o [1]
  .rodata            const     0x800'f4cc     0xc  AnyID_CanFestival_Wifi.o [1]
  .rodata            const     0x800'f4d8     0xc  AnyID_CanFestival_Wifi.o [1]
  .rodata            const     0x800'f4e4     0xc  AnyID_CanFestival_Wifi.o [1]
  .rodata            const     0x800'f4f0     0xc  AnyID_CanFestival_Wifi.o [1]
  .rodata            const     0x800'f4fc     0xc  AnyID_CanFestival_Wifi.o [1]
  .rodata            const     0x800'f508     0xc  AnyID_CanFestival_Wifi.o [1]
  .text              ro code   0x800'f514     0xc  cstartup_M.o [4]
  .rodata            const     0x800'f520     0x8  AnyID_CanFestival_Can_HL.o [1]
  .rodata            const     0x800'f528     0x8  AnyID_CanFestival_Can_HL.o [1]
  .rodata            const     0x800'f530     0x8  AnyID_CanFestival_Flash_HL.o [1]
  .rodata            const     0x800'f538     0x8  AnyID_CanFestival_Flash_HL.o [1]
  .rodata            const     0x800'f540     0x8  AnyID_CanFestival_FRam_HL.o [1]
  .rodata            const     0x800'f548     0x8  AnyID_CanFestival_FRam_HL.o [1]
  .rodata            const     0x800'f550     0x8  AnyID_CanFestival_Lan_HL.o [1]
  .rodata            const     0x800'f558     0x8  AnyID_CanFestival_Lan_HL.o [1]
  .rodata            const     0x800'f560     0x8  AnyID_CanFestival_Lan_HL.o [1]
  .rodata            const     0x800'f568     0x8  AnyID_CanFestival_Lan_HL.o [1]
  .rodata            const     0x800'f570     0x8  AnyID_CanFestival_Uart_HL.o [1]
  .rodata            const     0x800'f578     0x8  AnyID_CanFestival_Uart_HL.o [1]
  .rodata            const     0x800'f580     0x8  AnyID_CanFestival_Wifi.o [1]
  .rodata            const     0x800'f588     0x8  AnyID_CanFestival_Wifi.o [1]
  .rodata            const     0x800'f590     0x8  AnyID_CanFestival_Wifi.o [1]
  .rodata            const     0x800'f598     0x8  AnyID_CanFestival_Wifi.o [1]
  .rodata            const     0x800'f5a0     0x8  AnyID_CanFestival_Wifi.o [1]
  .rodata            const     0x800'f5a8     0x8  AnyID_CanFestival_Wifi.o [1]
  .rodata            const     0x800'f5b0     0x8  AnyID_CanFestival_Wifi_HL.o [1]
  .rodata            const     0x800'f5b8     0x8  AnyID_CanFestival_Wifi_HL.o [1]
  .rodata            const     0x800'f5c0     0x8  AnyID_CanFestival_Wifi_HL.o [1]
  .rodata            const     0x800'f5c8     0x8  Rtos_HL.o [1]
  .rodata            const     0x800'f5d0     0x8  Rtos_HL.o [1]
  .rodata            const     0x800'f5d8     0x8  Rtos_HL.o [1]
  .rodata            const     0x800'f5e0     0x8  tasks.o [1]
  .rodata            const     0x800'f5e8     0x8  timers.o [1]
  .rodata            const     0x800'f5f0     0x8  timers.o [1]
  .rodata            const     0x800'f5f8     0x4  AnyID_CanFestival_Device.o [1]
  .rodata            const     0x800'f5fc     0x4  heap_4.o [1]
  .rodata            const     0x800'f600     0x4  port.o [1]
  .text              ro code   0x800'f604     0x4  startup_stm32f10x_hd.o [1]
  .text              ro code   0x800'f608     0x4  startup_stm32f10x_hd.o [1]
  .text              ro code   0x800'f60c     0x4  startup_stm32f10x_hd.o [1]
  .text              ro code   0x800'f610     0x4  startup_stm32f10x_hd.o [1]
  .text              ro code   0x800'f614     0x4  startup_stm32f10x_hd.o [1]
  .text              ro code   0x800'f618     0x4  startup_stm32f10x_hd.o [1]
  .text              ro code   0x800'f61c     0x4  startup_stm32f10x_hd.o [1]
  .text              ro code   0x800'f620     0x4  startup_stm32f10x_hd.o [1]
  .text              ro code   0x800'f624     0x4  startup_stm32f10x_hd.o [1]
  .text              ro code   0x800'f628     0x4  startup_stm32f10x_hd.o [1]
  .text              ro code   0x800'f62c     0x4  startup_stm32f10x_hd.o [1]
  .text              ro code   0x800'f630     0x4  startup_stm32f10x_hd.o [1]
  .text              ro code   0x800'f634     0x4  startup_stm32f10x_hd.o [1]
  .text              ro code   0x800'f638     0x4  startup_stm32f10x_hd.o [1]
  .text              ro code   0x800'f63c     0x4  startup_stm32f10x_hd.o [1]
  .text              ro code   0x800'f640     0x4  startup_stm32f10x_hd.o [1]
  .text              ro code   0x800'f644     0x4  startup_stm32f10x_hd.o [1]
  .text              ro code   0x800'f648     0x4  startup_stm32f10x_hd.o [1]
  .text              ro code   0x800'f64c     0x4  startup_stm32f10x_hd.o [1]
  .text              ro code   0x800'f650     0x4  startup_stm32f10x_hd.o [1]
  .text              ro code   0x800'f654     0x4  startup_stm32f10x_hd.o [1]
  .text              ro code   0x800'f658     0x4  startup_stm32f10x_hd.o [1]
  .text              ro code   0x800'f65c     0x4  startup_stm32f10x_hd.o [1]
  .text              ro code   0x800'f660     0x4  startup_stm32f10x_hd.o [1]
  .text              ro code   0x800'f664     0x4  startup_stm32f10x_hd.o [1]
  .text              ro code   0x800'f668     0x4  startup_stm32f10x_hd.o [1]
  .text              ro code   0x800'f66c     0x4  startup_stm32f10x_hd.o [1]
  .text              ro code   0x800'f670     0x4  startup_stm32f10x_hd.o [1]
  .text              ro code   0x800'f674     0x4  startup_stm32f10x_hd.o [1]
  .text              ro code   0x800'f678     0x4  startup_stm32f10x_hd.o [1]
  .text              ro code   0x800'f67c     0x4  startup_stm32f10x_hd.o [1]
  .text              ro code   0x800'f680     0x4  startup_stm32f10x_hd.o [1]
  .text              ro code   0x800'f684     0x4  startup_stm32f10x_hd.o [1]
  .text              ro code   0x800'f688     0x4  startup_stm32f10x_hd.o [1]
  .text              ro code   0x800'f68c     0x4  startup_stm32f10x_hd.o [1]
  .text              ro code   0x800'f690     0x4  startup_stm32f10x_hd.o [1]
  .text              ro code   0x800'f694     0x4  startup_stm32f10x_hd.o [1]
  .text              ro code   0x800'f698     0x4  startup_stm32f10x_hd.o [1]
  .text              ro code   0x800'f69c     0x4  startup_stm32f10x_hd.o [1]
  .text              ro code   0x800'f6a0     0x4  startup_stm32f10x_hd.o [1]
  .text              ro code   0x800'f6a4     0x4  startup_stm32f10x_hd.o [1]
  .text              ro code   0x800'f6a8     0x4  startup_stm32f10x_hd.o [1]
  .text              ro code   0x800'f6ac     0x4  startup_stm32f10x_hd.o [1]
  .text              ro code   0x800'f6b0     0x4  startup_stm32f10x_hd.o [1]
  .text              ro code   0x800'f6b4     0x4  startup_stm32f10x_hd.o [1]
  .text              ro code   0x800'f6b8     0x4  startup_stm32f10x_hd.o [1]
  .text              ro code   0x800'f6bc     0x4  startup_stm32f10x_hd.o [1]
  .rodata            const     0x800'f6c0     0x0  zero_init3.o [4]
  .rodata            const     0x800'f6c0     0x0  lz77_init_single.o [4]
                             - 0x800'f6c0  0xa68c

"P2", part 1 of 3:                          0x114
  P2-1                        0x2000'0000   0x114  <Init block>
    .data            inited   0x2000'0000    0x30  AnyID_CanFestival_RTC.o [1]
    .data            inited   0x2000'0030     0x4  port.o [1]
    .data            inited   0x2000'0034    0x10  stm32f10x_rcc.o [1]
    .data            inited   0x2000'0044     0x4  stm32f10x_rcc.o [1]
    .data            inited   0x2000'0048     0x4  tasks.o [1]
    .data            inited   0x2000'004c    0x38  xlocale_c.o [2]
    .data            inited   0x2000'0084    0x48  xlocale_c.o [2]
    .data            inited   0x2000'00cc    0x48  xfiles.o [2]
                            - 0x2000'0114   0x114

"P2", part 2 of 3:                         0x8ab4
  .bss               zero     0x2000'0114  0x7800  heap_4.o [1]
  .bss               zero     0x2000'7914   0x3c0  AnyID_CanFestival_Device.o [1]
  .bss               zero     0x2000'7cd4   0x26c  tasks.o [1]
  .bss               zero     0x2000'7f40   0x120  Rtos_HL.o [1]
  .bss               zero     0x2000'8060   0x110  AnyID_CanFestival_Lan.o [1]
  .bss               zero     0x2000'8170   0x110  AnyID_CanFestival_Uart_Receive.o [1]
  .bss               zero     0x2000'8280   0x110  AnyID_CanFestival_Wifi.o [1]
  .bss               zero     0x2000'8390   0x110  AnyID_CanFestival_Wifi.o [1]
  .bss               zero     0x2000'84a0   0x10c  AnyID_CanFestival_Lan.o [1]
  .bss               zero     0x2000'85ac   0x10c  AnyID_CanFestival_Uart_Receive.o [1]
  .bss               zero     0x2000'86b8   0x100  AnyID_CanFestival_Wifi.o [1]
  .bss               zero     0x2000'87b8    0xe8  AnyID_CanFestival_Wifi.o [1]
  .bss               zero     0x2000'88a0    0xb4  AnyID_CanFestival_Device.o [1]
  .bss               zero     0x2000'8954    0x50  xfiles.o [2]
  .bss               zero     0x2000'89a4    0x40  AnyID_CanFestival_Device.o [1]
  .bss               zero     0x2000'89e4    0x40  queue.o [1]
  .bss               zero     0x2000'8a24    0x18  AnyID_CanFestival_RTC.o [1]
  .bss               zero     0x2000'8a3c    0x14  AnyID_CanFestival_Can_HL.o [1]
  .bss               zero     0x2000'8a50    0x14  AnyID_CanFestival_Can_HL.o [1]
  .bss               zero     0x2000'8a64    0x14  tasks.o [1]
  .bss               zero     0x2000'8a78    0x14  tasks.o [1]
  .bss               zero     0x2000'8a8c    0x14  tasks.o [1]
  .bss               zero     0x2000'8aa0    0x14  tasks.o [1]
  .bss               zero     0x2000'8ab4    0x14  tasks.o [1]
  .bss               zero     0x2000'8ac8    0x14  timers.o [1]
  .bss               zero     0x2000'8adc    0x14  timers.o [1]
  .bss               zero     0x2000'8af0     0x8  AnyID_CanFestival_FRam.o [1]
  .bss               zero     0x2000'8af8     0x8  heap_4.o [1]
  .bss               zero     0x2000'8b00     0x4  AnyID_CanFestival_Can_HL.o [1]
  .bss               zero     0x2000'8b04     0x4  AnyID_CanFestival_Can_HL.o [1]
  .bss               zero     0x2000'8b08     0x4  AnyID_CanFestival_Can_HL.o [1]
  .bss               zero     0x2000'8b0c     0x4  AnyID_CanFestival_Device.o [1]
  .bss               zero     0x2000'8b10     0x4  AnyID_CanFestival_SysCfg.o [1]
  .bss               zero     0x2000'8b14     0x4  AnyID_CanFestival_SysCfg.o [1]
  .bss               zero     0x2000'8b18     0x4  AnyID_CanFestival_SysCfg.o [1]
  .bss               zero     0x2000'8b1c     0x4  AnyID_CanFestival_SysCfg.o [1]
  .bss               zero     0x2000'8b20     0x4  AnyID_CanFestival_SysCfg.o [1]
  .bss               zero     0x2000'8b24     0x4  AnyID_CanFestival_SysCfg.o [1]
  .bss               zero     0x2000'8b28     0x4  AnyID_CanFestival_SysCfg.o [1]
  .bss               zero     0x2000'8b2c     0x4  AnyID_CanFestival_Uart.o [1]
  .bss               zero     0x2000'8b30     0x4  AnyID_CanFestival_Uart.o [1]
  .bss               zero     0x2000'8b34     0x4  AnyID_CanFestival_Uart.o [1]
  .bss               zero     0x2000'8b38     0x4  AnyID_CanFestival_Wifi.o [1]
  .bss               zero     0x2000'8b3c     0x4  AnyID_CanFestival_Wifi.o [1]
  .bss               zero     0x2000'8b40     0x4  heap_4.o [1]
  .bss               zero     0x2000'8b44     0x4  heap_4.o [1]
  .bss               zero     0x2000'8b48     0x4  heap_4.o [1]
  .bss               zero     0x2000'8b4c     0x4  heap_4.o [1]
  .bss               zero     0x2000'8b50     0x4  heap_4.o [1]
  .bss               zero     0x2000'8b54     0x4  port.o [1]
  .bss               zero     0x2000'8b58     0x4  Rtos_HL.o [1]
  .bss               zero     0x2000'8b5c     0x4  Rtos_HL.o [1]
  .bss               zero     0x2000'8b60     0x4  tasks.o [1]
  .bss               zero     0x2000'8b64     0x4  tasks.o [1]
  .bss               zero     0x2000'8b68     0x4  tasks.o [1]
  .bss               zero     0x2000'8b6c     0x4  tasks.o [1]
  .bss               zero     0x2000'8b70     0x4  tasks.o [1]
  .bss               zero     0x2000'8b74     0x4  tasks.o [1]
  .bss               zero     0x2000'8b78     0x4  tasks.o [1]
  .bss               zero     0x2000'8b7c     0x4  tasks.o [1]
  .bss               zero     0x2000'8b80     0x4  tasks.o [1]
  .bss               zero     0x2000'8b84     0x4  tasks.o [1]
  .bss               zero     0x2000'8b88     0x4  tasks.o [1]
  .bss               zero     0x2000'8b8c     0x4  tasks.o [1]
  .bss               zero     0x2000'8b90     0x4  tasks.o [1]
  .bss               zero     0x2000'8b94     0x4  tasks.o [1]
  .bss               zero     0x2000'8b98     0x4  tasks.o [1]
  .bss               zero     0x2000'8b9c     0x4  tasks.o [1]
  .bss               zero     0x2000'8ba0     0x4  tasks.o [1]
  .bss               zero     0x2000'8ba4     0x4  timers.o [1]
  .bss               zero     0x2000'8ba8     0x4  timers.o [1]
  .bss               zero     0x2000'8bac     0x4  timers.o [1]
  .bss               zero     0x2000'8bb0     0x4  timers.o [1]
  .bss               zero     0x2000'8bb4     0x4  timers.o [1]
  .bss               zero     0x2000'8bb8     0x4  xfail_s.o [2]
  .bss               zero     0x2000'8bbc     0x2  stm32f10x_it.o [1]
  .bss               zero     0x2000'8bbe     0x2  stm32f10x_it.o [1]
  .bss               zero     0x2000'8bc0     0x2  stm32f10x_it.o [1]
  .bss               zero     0x2000'8bc2     0x2  stm32f10x_it.o [1]
  .bss               zero     0x2000'8bc4     0x2  stm32f10x_it.o [1]
  .bss               zero     0x2000'8bc6     0x1  AnyID_CanFestival_Periph_HL.o [1]
  .bss               zero     0x2000'8bc7     0x1  port.o [1]
                            - 0x2000'8bc8  0x8ab4

"P2", part 3 of 3:                         0x2000
  CSTACK                      0x2000'8bc8  0x2000  <Block>
    CSTACK           uninit   0x2000'8bc8  0x2000  <Block tail>
                            - 0x2000'abc8  0x2000

Unused ranges:

         From           To      Size
         ----           --      ----
   0x800'4209   0x800'4fff     0xdf7
   0x800'5032   0x800'5033       0x2
   0x800'f6c0   0x803'ffff  0x3'0940
  0x2000'abc8  0x2000'bfff    0x1438


*******************************************************************************
*** INIT TABLE
***

          Address      Size
          -------      ----
Zero (__iar_zero_init3)
    1 destination range, total size 0x8ab4:
          0x2000'0114  0x8ab4

Copy/lz77 (__iar_lz77_init_single3)
    1 source range, total size 0x73 (41% of destination):
           0x800'4196    0x73
    1 destination range, total size 0x114:
          0x2000'0000   0x114



*******************************************************************************
*** MODULE SUMMARY
***

    Module                            ro code  ro data  rw data  ro data
                                                                  (abs)
    ------                            -------  -------  -------  -------
command line/config:
    --------------------------------------------------------------------
    Total:

E:\AnyID\Git\RP3423_MB\RP3423_MB\RP3423_MB\Build\Obj: [1]
    AnyID_CanFestival_Can_HL.o            688       16       52
    AnyID_CanFestival_Device.o          6'524       56    1'208       50
    AnyID_CanFestival_FRam.o              320                 8
    AnyID_CanFestival_FRam_HL.o           552       16
    AnyID_CanFestival_Flash_HL.o          184       16
    AnyID_CanFestival_Lan.o                84               540
    AnyID_CanFestival_Lan_HL.o            612       32
    AnyID_CanFestival_Periph_HL.o          76       48        1
    AnyID_CanFestival_RTC.o               416       20       72
    AnyID_CanFestival_SysCfg.o            752      196       28
    AnyID_CanFestival_Uart.o              180                12
    AnyID_CanFestival_Uart_HL.o           556       16
    AnyID_CanFestival_Uart_Receive.o      206               540
    AnyID_CanFestival_Wifi.o            2'608      300    1'040
    AnyID_CanFestival_Wifi_HL.o           514       24
    AnyID_FRam.o                          566
    AnyID_Stdlib.o                         72
    Rtos_HL.o                             672       24      296
    heap_4.o                              668      108   30'748
    list.o                                154
    main.o                                 48       16
    misc.o                                152
    port.o                                628      101        9
    portasm.o                             136
    queue.o                             3'536       88       64
    startup_stm32f10x_hd.o                508
    stm32f10x_bkp.o                        80
    stm32f10x_can.o                     1'710
    stm32f10x_dma.o                       380
    stm32f10x_flash.o                      44
    stm32f10x_gpio.o                      376
    stm32f10x_it.o                      1'140                10
    stm32f10x_pwr.o                        16
    stm32f10x_rcc.o                       912        9       20
    stm32f10x_rtc.o                       184
    stm32f10x_spi.o                        92
    stm32f10x_tim.o                       274
    stm32f10x_usart.o                     734
    system_stm32f10x.o                     82
    tasks.o                             5'060       97      792
    timers.o                              924      108       60
    --------------------------------------------------------------------
    Total:                             33'420    1'291   35'500       50

dl7M_tlf.a: [2]
    abort.o                                 6
    exit.o                                  4
    low_level_init.o                        4
    printf.o                               40
    putchar.o                              12
    sprintf.o                              64
    strstr.o                               44
    xencoding_8859_1.o                     30
    xfail_s.o                              64                 4
    xfiles.o                                        30      152
    xlocale_c.o                           124       59      128
    xmbcurmax.o                            10
    xprintffull.o                       4'294
    xprout.o                               22
    xsprout.o                              10
    --------------------------------------------------------------------
    Total:                              4'728       89      284

m7M_tl.a: [3]
    DblAdd.o                              362
    DblCmpGe.o                             46
    DblCmpLe.o                             46
    DblDiv.o                              582
    DblMul.o                              418
    DblSub.o                              226
    DblToS32.o                             58
    DblToU32.o                             40
    S32ToDbl.o                             34
    U32ToDbl.o                             26
    frexp.o                               112
    ldexp.o                               314
    --------------------------------------------------------------------
    Total:                              2'264

rt7M_tl.a: [4]
    ABImemclr.o                             6
    ABImemcpy.o                           166
    ABImemset.o                           102
    I64DivMod.o                           560
    I64DivZer.o                             2
    cexit.o                                10
    cmain.o                                30
    cstartup_M.o                           12
    data_init.o                            40
    lz77_init_single.o                    120
    memchr.o                               88
    strchr.o                               22
    strlen.o                               54
    zero_init3.o                           58
    --------------------------------------------------------------------
    Total:                              1'270

shb_l.a: [5]
    exit.o                                 20
    --------------------------------------------------------------------
    Total:                                 20

    Gaps                                   39        4
    Linker created                                  32    8'192
------------------------------------------------------------------------
    Grand Total:                       41'741    1'416   43'976       50


*******************************************************************************
*** ENTRY LIST
***

Entry                       Address    Size  Type      Object
-----                       -------    ----  ----      ------
.iar.init_table$$Base    0x800'f2b8           --   Gb  - Linker created -
.iar.init_table$$Limit   0x800'f2d8           --   Gb  - Linker created -
?main                    0x800'f2f9          Code  Gb  cmain.o [4]
ADCPrescTable           0x2000'0044     0x4  Data  Lc  stm32f10x_rcc.o [1]
APBAHBPrescTable        0x2000'0034    0x10  Data  Lc  stm32f10x_rcc.o [1]
BKP_DeInit               0x800'b741    0x10  Code  Gb  stm32f10x_bkp.o [1]
BKP_ReadBackupRegister   0x800'b76f    0x1c  Code  Gb  stm32f10x_bkp.o [1]
BKP_WriteBackupRegister
                         0x800'b751    0x1e  Code  Gb  stm32f10x_bkp.o [1]
BusFault_Handler         0x800'e677     0x2  Code  Gb  stm32f10x_it.o [1]
CAN_ClearFlag            0x800'a321     0x8  Code  Gb  stm32f10x_can.o [1]
CAN_ClearITPendingBit    0x800'a3f1    0x98  Code  Gb  stm32f10x_can.o [1]
CAN_FIFORelease          0x800'a1d1    0x14  Code  Gb  stm32f10x_can.o [1]
CAN_FilterInit           0x800'9eff    0xc6  Code  Gb  stm32f10x_can.o [1]
CAN_GetFlagStatus        0x800'a30d    0x14  Code  Gb  stm32f10x_can.o [1]
CAN_GetITStatus          0x800'a329    0xc8  Code  Gb  stm32f10x_can.o [1]
CAN_ITConfig             0x800'9fdd    0x18  Code  Gb  stm32f10x_can.o [1]
CAN_Init                 0x800'9ded   0x112  Code  Gb  stm32f10x_can.o [1]
CAN_MessagePending       0x800'a1e5    0x2a  Code  Gb  stm32f10x_can.o [1]
CAN_RX_PORT              0x800'f520     0x8  Data  Gb  AnyID_CanFestival_Can_HL.o [1]
CAN_Receive              0x800'a20f    0xfe  Code  Gb  stm32f10x_can.o [1]
CAN_TX_PORT              0x800'f528     0x8  Data  Gb  AnyID_CanFestival_Can_HL.o [1]
CAN_Transmit             0x800'9ff5   0x13e  Code  Gb  stm32f10x_can.o [1]
CAN_TransmitStatus       0x800'a133    0x9e  Code  Gb  stm32f10x_can.o [1]
CSTACK$$Base            0x2000'8bc8           --   Gb  - Linker created -
CSTACK$$Limit           0x2000'abc8           --   Gb  - Linker created -
CacheMore                0x800'da1d    0x28  Code  Lc  xlocale_c.o [2]
Can_InitInterface        0x800'69b1   0x136  Code  Gb  AnyID_CanFestival_Can_HL.o [1]
Can_QueueCreatTask       0x800'6bfb    0x4a  Code  Gb  AnyID_CanFestival_Can_HL.o [1]
Can_TxFrames             0x800'6ae7    0x9c  Code  Gb  AnyID_CanFestival_Can_HL.o [1]
Can_TxFramesRepat        0x800'6b83    0x78  Code  Gb  AnyID_CanFestival_Can_HL.o [1]
CheckITStatus            0x800'a489    0x12  Code  Lc  stm32f10x_can.o [1]
ConfigureTimeForRunTimeStats
                         0x800'c151     0xc  Code  Gb  Rtos_HL.o [1]
DEVICE_VERSION           0x800'5000    0x32  Data  Gb  AnyID_CanFestival_Device.o [1]
DMA1_Channel2_IRQHandler
                         0x800'e8d7    0x32  Code  Gb  stm32f10x_it.o [1]
DMA1_Channel3_IRQHandler
                         0x800'e8bd    0x1a  Code  Gb  stm32f10x_it.o [1]
DMA1_Channel4_IRQHandler
                         0x800'e7f5    0x34  Code  Gb  stm32f10x_it.o [1]
DMA1_Channel5_IRQHandler
                         0x800'e7db    0x1a  Code  Gb  stm32f10x_it.o [1]
DMA2_Channel3_IRQHandler
                         0x800'e6b1    0x18  Code  Gb  stm32f10x_it.o [1]
DMA2_Channel4_5_IRQHandler
                         0x800'e6c9    0x3a  Code  Gb  stm32f10x_it.o [1]
DMA_DeInit               0x800'd885    0xf0  Code  Gb  stm32f10x_dma.o [1]
DMA_ITConfig             0x800'd9b1    0x18  Code  Gb  stm32f10x_dma.o [1]
DMA_Init                 0x800'd975    0x3c  Code  Gb  stm32f10x_dma.o [1]
DebugMon_Handler         0x800'e67b     0x2  Code  Gb  stm32f10x_it.o [1]
Device_CanRxDispatch     0x800'6095   0x17e  Code  Gb  AnyID_CanFestival_Device.o [1]
Device_CanTxDispatch     0x800'6219   0x10c  Code  Gb  AnyID_CanFestival_Device.o [1]
Device_CtrAnt            0x800'5be3    0x54  Code  Gb  AnyID_CanFestival_Device.o [1]
Device_GetAmerInfo       0x800'5c3d    0x5c  Code  Gb  AnyID_CanFestival_Device.o [1]
Device_GetSubDeviceVersion
                         0x800'5fa1    0xd4  Code  Gb  AnyID_CanFestival_Device.o [1]
Device_HLDispatch        0x800'65f9   0x15c  Code  Gb  AnyID_CanFestival_Device.o [1]
Device_HeartDispatch     0x800'6325    0xc8  Code  Gb  AnyID_CanFestival_Device.o [1]
Device_Init              0x800'5035    0x1a  Code  Gb  AnyID_CanFestival_Device.o [1]
Device_LedDispatch       0x800'675d   0x1cc  Code  Gb  AnyID_CanFestival_Device.o [1]
Device_MainDispatch      0x800'63f1     0xa  Code  Gb  AnyID_CanFestival_Device.o [1]
Device_OpTask            0x800'5cad   0x2f4  Code  Gb  AnyID_CanFestival_Device.o [1]
Device_ProcessCobMRSdo   0x800'57df   0x174  Code  Gb  AnyID_CanFestival_Device.o [1]
Device_ProcessCobMTSdo   0x800'56c7   0x118  Code  Gb  AnyID_CanFestival_Device.o [1]
Device_ProcessCobSRSdo   0x800'5ae9    0x2e  Code  Gb  AnyID_CanFestival_Device.o [1]
Device_ProcessCobSTSdo   0x800'5953   0x196  Code  Gb  AnyID_CanFestival_Device.o [1]
Device_ReadDeviceParamenter
                         0x800'519d   0x10a  Code  Gb  AnyID_CanFestival_Device.o [1]
Device_ResetDeviceParamenter
                         0x800'504f   0x14e  Code  Gb  AnyID_CanFestival_Device.o [1]
Device_ResponseFrame     0x800'52df   0x14a  Code  Gb  AnyID_CanFestival_Device.o [1]
Device_RspFormatCanFrame
                         0x800'5b17    0x68  Code  Gb  AnyID_CanFestival_Device.o [1]
Device_SubDeviceGet      0x800'5b7f    0x64  Code  Gb  AnyID_CanFestival_Device.o [1]
Device_UartRxDispatch    0x800'63fb   0x13c  Code  Gb  AnyID_CanFestival_Device.o [1]
Device_UartTxDispatch    0x800'653d    0xb6  Code  Gb  AnyID_CanFestival_Device.o [1]
Device_WriteDeviceParamenter
                         0x800'52a7    0x38  Code  Gb  AnyID_CanFestival_Device.o [1]
FLASH_CS_COM             0x800'f530     0x8  Data  Gb  AnyID_CanFestival_Flash_HL.o [1]
FLASH_PORT_SPI           0x800'f538     0x8  Data  Gb  AnyID_CanFestival_Flash_HL.o [1]
FLASH_PrefetchBufferCmd
                         0x800'ede7    0x14  Code  Gb  stm32f10x_flash.o [1]
FLASH_SetLatency         0x800'edd5    0x12  Code  Gb  stm32f10x_flash.o [1]
FRAM_SCL_PORT            0x800'f548     0x8  Data  Gb  AnyID_CanFestival_FRam_HL.o [1]
FRAM_SDA_PORT            0x800'f540     0x8  Data  Gb  AnyID_CanFestival_FRam_HL.o [1]
FRam_Delayms             0x800'b1f3    0x12  Code  Gb  AnyID_CanFestival_FRam_HL.o [1]
FRam_I2CAck              0x800'b28d    0x30  Code  Gb  AnyID_CanFestival_FRam_HL.o [1]
FRam_I2CDelay            0x800'b1e5     0xe  Code  Gb  AnyID_CanFestival_FRam_HL.o [1]
FRam_I2CNoAck            0x800'b2bd    0x30  Code  Gb  AnyID_CanFestival_FRam_HL.o [1]
FRam_I2CReceiveByte      0x800'b379    0x4e  Code  Gb  AnyID_CanFestival_FRam_HL.o [1]
FRam_I2CSendByte         0x800'b32f    0x4a  Code  Gb  AnyID_CanFestival_FRam_HL.o [1]
FRam_I2CStart            0x800'b205    0x58  Code  Gb  AnyID_CanFestival_FRam_HL.o [1]
FRam_I2CStop             0x800'b25d    0x30  Code  Gb  AnyID_CanFestival_FRam_HL.o [1]
FRam_I2CWaitAck          0x800'b2ed    0x42  Code  Gb  AnyID_CanFestival_FRam_HL.o [1]
FRam_InitInterface       0x800'b1a9    0x3c  Code  Gb  AnyID_CanFestival_FRam_HL.o [1]
FRam_ReadBuffer          0x800'6d43    0xe2  Code  Gb  AnyID_FRam.o [1]
FRam_WriteBuffer         0x800'6ed1    0xa8  Code  Gb  AnyID_FRam.o [1]
FRam_WritePage           0x800'6e25    0xac  Code  Gb  AnyID_FRam.o [1]
Flash_InitInterface      0x800'ee4d    0xac  Code  Gb  AnyID_CanFestival_Flash_HL.o [1]
Fram_ReadBootParamenter
                         0x800'6fc1    0xfc  Code  Gb  AnyID_CanFestival_FRam.o [1]
Fram_WriteBootParamenter
                         0x800'70bd    0x3e  Code  Gb  AnyID_CanFestival_FRam.o [1]
FreeRTOSRunTimeTicks    0x2000'8b58     0x4  Data  Gb  Rtos_HL.o [1]
GPIO_Init                0x800'af99    0xea  Code  Gb  stm32f10x_gpio.o [1]
GPIO_PinRemapConfig      0x800'b083    0x84  Code  Gb  stm32f10x_gpio.o [1]
HardFault_Handler        0x800'e673     0x2  Code  Gb  stm32f10x_it.o [1]
LAN_PORT_CFG             0x800'f568     0x8  Data  Gb  AnyID_CanFestival_Lan_HL.o [1]
LAN_PORT_RST             0x800'f560     0x8  Data  Gb  AnyID_CanFestival_Lan_HL.o [1]
LAN_PORT_RX              0x800'f558     0x8  Data  Gb  AnyID_CanFestival_Lan_HL.o [1]
LAN_PORT_TX              0x800'f550     0x8  Data  Gb  AnyID_CanFestival_Lan_HL.o [1]
LOG_485_CTRL             0x800'f5d8     0x8  Data  Gb  Rtos_HL.o [1]
LOG_PORT_RX              0x800'f5d0     0x8  Data  Gb  Rtos_HL.o [1]
LOG_PORT_TX              0x800'f5c8     0x8  Data  Gb  Rtos_HL.o [1]
Lan_ConfigInt            0x800'c60f    0x22  Code  Gb  AnyID_CanFestival_Lan_HL.o [1]
Lan_Init                 0x800'a49d    0x54  Code  Gb  AnyID_CanFestival_Lan.o [1]
Lan_InitInterface        0x800'c525    0xea  Code  Gb  AnyID_CanFestival_Lan_HL.o [1]
Lan_InitRxDma            0x800'c6cd    0x96  Code  Gb  AnyID_CanFestival_Lan_HL.o [1]
Lan_InitTxDma            0x800'c631    0x9c  Code  Gb  AnyID_CanFestival_Lan_HL.o [1]
Log_Init                 0x800'c0a1    0x12  Code  Gb  Rtos_HL.o [1]
Log_InitInterface        0x800'bebd   0x108  Code  Gb  Rtos_HL.o [1]
Log_InitRxDma            0x800'c00d    0x94  Code  Gb  Rtos_HL.o [1]
Log_WriteBuffer          0x800'bfd7    0x36  Code  Gb  Rtos_HL.o [1]
Log_WriteByte            0x800'bfc5    0x12  Code  Gb  Rtos_HL.o [1]
MemManage_Handler        0x800'e675     0x2  Code  Gb  stm32f10x_it.o [1]
NMI_Handler              0x800'e671     0x2  Code  Gb  stm32f10x_it.o [1]
NVIC_Init                0x800'b11b    0x66  Code  Gb  misc.o [1]
NVIC_PriorityGroupConfig
                         0x800'b111     0xa  Code  Gb  misc.o [1]
NVIC_SetVectorTable      0x800'b181     0xc  Code  Gb  misc.o [1]
PERIPH_LED               0x800'f14c    0x30  Data  Gb  AnyID_CanFestival_Periph_HL.o [1]
PWR_BackupAccessCmd      0x800'b731     0xa  Code  Gb  stm32f10x_pwr.o [1]
PendSV_Handler           0x800'c15d          Code  Gb  portasm.o [1]
Periph_InitInterface     0x800'ee01    0x48  Code  Gb  AnyID_CanFestival_Periph_HL.o [1]
RCC_ADCCLKConfig         0x800'b8bd    0x10  Code  Gb  stm32f10x_rcc.o [1]
RCC_AHBPeriphClockCmd    0x800'b9df    0x1c  Code  Gb  stm32f10x_rcc.o [1]
RCC_APB1PeriphClockCmd   0x800'ba17    0x1c  Code  Gb  stm32f10x_rcc.o [1]
RCC_APB1PeriphResetCmd   0x800'ba4f    0x1c  Code  Gb  stm32f10x_rcc.o [1]
RCC_APB2PeriphClockCmd   0x800'b9fb    0x1c  Code  Gb  stm32f10x_rcc.o [1]
RCC_APB2PeriphResetCmd   0x800'ba33    0x1c  Code  Gb  stm32f10x_rcc.o [1]
RCC_BackupResetCmd       0x800'ba6b     0xa  Code  Gb  stm32f10x_rcc.o [1]
RCC_ClearFlag            0x800'babb     0xc  Code  Gb  stm32f10x_rcc.o [1]
RCC_DeInit               0x800'b791    0x40  Code  Gb  stm32f10x_rcc.o [1]
RCC_GetClocksFreq        0x800'b907    0xd8  Code  Gb  stm32f10x_rcc.o [1]
RCC_GetFlagStatus        0x800'ba75    0x46  Code  Gb  stm32f10x_rcc.o [1]
RCC_GetSYSCLKSource      0x800'b87b     0xa  Code  Gb  stm32f10x_rcc.o [1]
RCC_HCLKConfig           0x800'b885    0x10  Code  Gb  stm32f10x_rcc.o [1]
RCC_HSEConfig            0x800'b7d1    0x3a  Code  Gb  stm32f10x_rcc.o [1]
RCC_LSEConfig            0x800'b8cd    0x26  Code  Gb  stm32f10x_rcc.o [1]
RCC_PCLK1Config          0x800'b895    0x10  Code  Gb  stm32f10x_rcc.o [1]
RCC_PCLK2Config          0x800'b8a5    0x12  Code  Gb  stm32f10x_rcc.o [1]
RCC_PLLCmd               0x800'b861     0xa  Code  Gb  stm32f10x_rcc.o [1]
RCC_PLLConfig            0x800'b849    0x18  Code  Gb  stm32f10x_rcc.o [1]
RCC_RTCCLKCmd            0x800'b8fd     0xa  Code  Gb  stm32f10x_rcc.o [1]
RCC_RTCCLKConfig         0x800'b8f3     0xa  Code  Gb  stm32f10x_rcc.o [1]
RCC_SYSCLKConfig         0x800'b86b    0x10  Code  Gb  stm32f10x_rcc.o [1]
RCC_USBCLKConfig         0x800'b8b7     0x6  Code  Gb  stm32f10x_rcc.o [1]
RCC_WaitForHSEStartUp    0x800'b80b    0x3e  Code  Gb  stm32f10x_rcc.o [1]
RTC_Check                0x800'7fd5    0x4c  Code  Gb  AnyID_CanFestival_RTC.o [1]
RTC_EnterConfigMode      0x800'7eed     0xc  Code  Gb  stm32f10x_rtc.o [1]
RTC_ExitConfigMode       0x800'7ef9     0xe  Code  Gb  stm32f10x_rtc.o [1]
RTC_GetCounter           0x800'7f07    0x14  Code  Gb  stm32f10x_rtc.o [1]
RTC_ITConfig             0x800'7ed1    0x1c  Code  Gb  stm32f10x_rtc.o [1]
RTC_Init                 0x800'7f89    0x4c  Code  Gb  AnyID_CanFestival_RTC.o [1]
RTC_SetCounter           0x800'7f1b    0x1a  Code  Gb  stm32f10x_rtc.o [1]
RTC_SetPrescaler         0x800'7f35    0x1e  Code  Gb  stm32f10x_rtc.o [1]
RTC_SetTime              0x800'8021    0x1a  Code  Gb  AnyID_CanFestival_RTC.o [1]
RTC_WaitForLastTask      0x800'7f53     0xa  Code  Gb  stm32f10x_rtc.o [1]
RTC_WaitForSynchro       0x800'7f5d    0x14  Code  Gb  stm32f10x_rtc.o [1]
Reader_ProcessUartFrame
                         0x800'5429   0x29e  Code  Gb  AnyID_CanFestival_Device.o [1]
Region$$Table$$Base      0x800'f2b8           --   Gb  - Linker created -
Region$$Table$$Limit     0x800'f2d8           --   Gb  - Linker created -
Rtc_UnixStampToRealTime
                         0x800'803b    0xe8  Code  Gb  AnyID_CanFestival_RTC.o [1]
SPI_Cmd                  0x800'ef43    0x1e  Code  Gb  stm32f10x_spi.o [1]
SPI_Init                 0x800'ef05    0x3e  Code  Gb  stm32f10x_spi.o [1]
SVC_Handler              0x800'c1a3          Code  Gb  portasm.o [1]
SetSysClock              0x800'f029     0x2  Code  Lc  system_stm32f10x.o [1]
SysTick_Handler          0x800'967f    0x28  Code  Gb  port.o [1]
Sys_CfgClock             0x800'eaf7    0x76  Code  Gb  AnyID_CanFestival_SysCfg.o [1]
Sys_CfgNVIC              0x800'eb93    0x18  Code  Gb  AnyID_CanFestival_SysCfg.o [1]
Sys_CfgPeriphClk         0x800'eb6d    0x26  Code  Gb  AnyID_CanFestival_SysCfg.o [1]
Sys_CtrlIOInit           0x800'ebab     0xc  Code  Gb  AnyID_CanFestival_SysCfg.o [1]
Sys_Delayms              0x800'eae5    0x12  Code  Gb  AnyID_CanFestival_SysCfg.o [1]
Sys_Init                 0x800'ebb7    0x9e  Code  Gb  AnyID_CanFestival_SysCfg.o [1]
Sys_TaskCreat            0x800'ec55    0xfe  Code  Gb  AnyID_CanFestival_SysCfg.o [1]
SystemInit               0x800'efd9    0x3c  Code  Gb  system_stm32f10x.o [1]
TIM2_IRQHandler          0x800'e67d    0x34  Code  Gb  stm32f10x_it.o [1]
TIM4_IRQHandler          0x800'ea27    0x2c  Code  Gb  stm32f10x_it.o [1]
TIM_ClearITPendingBit    0x800'c2ed     0xa  Code  Gb  stm32f10x_tim.o [1]
TIM_Cmd                  0x800'c289    0x1e  Code  Gb  stm32f10x_tim.o [1]
TIM_GetITStatus          0x800'c2bf    0x2e  Code  Gb  stm32f10x_tim.o [1]
TIM_ITConfig             0x800'c2a7    0x18  Code  Gb  stm32f10x_tim.o [1]
TIM_TimeBaseInit         0x800'c1e5    0x7c  Code  Gb  stm32f10x_tim.o [1]
Tim_Init                 0x800'c0ef    0x62  Code  Gb  Rtos_HL.o [1]
UART4_IRQHandler         0x800'e703    0x36  Code  Gb  stm32f10x_it.o [1]
UART_PORT_RX             0x800'f578     0x8  Data  Gb  AnyID_CanFestival_Uart_HL.o [1]
UART_PORT_TX             0x800'f570     0x8  Data  Gb  AnyID_CanFestival_Uart_HL.o [1]
USART1_IRQHandler        0x800'e829    0x94  Code  Gb  stm32f10x_it.o [1]
USART2_IRQHandler        0x800'e999    0x8e  Code  Gb  stm32f10x_it.o [1]
USART3_IRQHandler        0x800'e909    0x90  Code  Gb  stm32f10x_it.o [1]
USART_ClearFlag          0x800'9c97    0x10  Code  Gb  stm32f10x_usart.o [1]
USART_ClearITPendingBit
                         0x800'9d11    0x26  Code  Gb  stm32f10x_usart.o [1]
USART_Cmd                0x800'9bd5    0x1e  Code  Gb  stm32f10x_usart.o [1]
USART_DMACmd             0x800'9c63    0x18  Code  Gb  stm32f10x_usart.o [1]
USART_DeInit             0x800'9a59    0x90  Code  Gb  stm32f10x_usart.o [1]
USART_GetFlagStatus      0x800'9c7b    0x1c  Code  Gb  stm32f10x_usart.o [1]
USART_GetITStatus        0x800'9ca7    0x6a  Code  Gb  stm32f10x_usart.o [1]
USART_ITConfig           0x800'9bf3    0x70  Code  Gb  stm32f10x_usart.o [1]
USART_Init               0x800'9ae9    0xd6  Code  Gb  stm32f10x_usart.o [1]
USB_LP_CAN1_RX0_IRQHandler
                         0x800'e739    0xa2  Code  Gb  stm32f10x_it.o [1]
Uart_ConfigInt           0x800'c3b1    0x22  Code  Gb  AnyID_CanFestival_Uart_HL.o [1]
Uart_Init                0x800'9d39    0xb4  Code  Gb  AnyID_CanFestival_Uart.o [1]
Uart_InitInterface       0x800'c2f9    0xb8  Code  Gb  AnyID_CanFestival_Uart_HL.o [1]
Uart_InitRxDma           0x800'c471    0x96  Code  Gb  AnyID_CanFestival_Uart_HL.o [1]
Uart_InitTxDma           0x800'c3d3    0x9e  Code  Gb  AnyID_CanFestival_Uart_HL.o [1]
Uart_UsrCheckFrame       0x800'9761    0xce  Code  Gb  AnyID_CanFestival_Uart_Receive.o [1]
UsageFault_Handler       0x800'e679     0x2  Code  Gb  stm32f10x_it.o [1]
WIFI_PORT_RST            0x800'f5c0     0x8  Data  Gb  AnyID_CanFestival_Wifi_HL.o [1]
WIFI_PORT_RX             0x800'f5b8     0x8  Data  Gb  AnyID_CanFestival_Wifi_HL.o [1]
WIFI_PORT_TX             0x800'f5b0     0x8  Data  Gb  AnyID_CanFestival_Wifi_HL.o [1]
Wifi_CheckClientConnected
                         0x800'adf1    0xa8  Code  Gb  AnyID_CanFestival_Wifi.o [1]
Wifi_CheckEvent          0x800'ad1f    0x6e  Code  Gb  AnyID_CanFestival_Wifi.o [1]
Wifi_ChkRcv              0x800'abd9   0x146  Code  Gb  AnyID_CanFestival_Wifi.o [1]
Wifi_ConfigInt           0x800'998d    0x2e  Code  Gb  AnyID_CanFestival_Wifi_HL.o [1]
Wifi_Connect             0x800'a8c1    0x7e  Code  Gb  AnyID_CanFestival_Wifi.o [1]
Wifi_ConnectWifi         0x800'a95b    0x84  Code  Gb  AnyID_CanFestival_Wifi.o [1]
Wifi_Delayms             0x800'98f5    0x12  Code  Gb  AnyID_CanFestival_Wifi_HL.o [1]
Wifi_EnableInt           0x800'99bb    0x30  Code  Gb  AnyID_CanFestival_Wifi_HL.o [1]
Wifi_Init                0x800'a4f1    0x2c  Code  Gb  AnyID_CanFestival_Wifi.o [1]
Wifi_InitInterface       0x800'984d    0xa8  Code  Gb  AnyID_CanFestival_Wifi_HL.o [1]
Wifi_InitTimer           0x800'9907    0x86  Code  Gb  AnyID_CanFestival_Wifi_HL.o [1]
Wifi_NetInit             0x800'a51d   0x2b2  Code  Gb  AnyID_CanFestival_Wifi.o [1]
Wifi_QueneEnter          0x800'a93f    0x1c  Code  Gb  AnyID_CanFestival_Wifi.o [1]
Wifi_RcvQueue            0x800'a7cf    0xee  Code  Gb  AnyID_CanFestival_Wifi.o [1]
Wifi_Step                0x800'ad8d     0xe  Code  Gb  AnyID_CanFestival_Wifi.o [1]
Wifi_SubDecStr           0x800'ad9b    0x52  Code  Gb  AnyID_CanFestival_Wifi.o [1]
Wifi_Tranceive           0x800'a9df   0x1f6  Code  Gb  AnyID_CanFestival_Wifi.o [1]
Wifi_WriteAtCmd          0x800'9a2f    0x20  Code  Gb  AnyID_CanFestival_Wifi_HL.o [1]
Wifi_WriteBuffer         0x800'9a15    0x1a  Code  Gb  AnyID_CanFestival_Wifi_HL.o [1]
Wifi_WriteByte           0x800'99eb    0x12  Code  Gb  AnyID_CanFestival_Wifi_HL.o [1]
_Encoding_8859_1_Mbrlen
                         0x800'9841     0x2  Code  Gb  xencoding_8859_1.o [2]
_Encoding_8859_1_Wctomb
                         0x800'982f    0x12  Code  Gb  xencoding_8859_1.o [2]
_LitobFull               0x800'd6cf   0x10a  Code  Lc  xprintffull.o [2]
_Locale_lconv           0x2000'004c    0x38  Data  Lc  xlocale_c.o [2]
_PrintfFull              0x800'c7bd   0xcc4  Code  Gb  xprintffull.o [2]
_Prout                   0x800'f3c1    0x16  Code  Gb  xprout.o [2]
_PutcharsFull            0x800'd841    0x2e  Code  Lc  xprintffull.o [2]
_PutstrFull              0x800'd60f    0xc0  Code  Lc  xprintffull.o [2]
_PuttxtFull              0x800'd503   0x10c  Code  Lc  xprintffull.o [2]
_SProut                  0x800'9a4f     0xa  Code  Gb  xsprout.o [2]
__ICFEDIT_region_RAM_end__ {Abs}
                        0x2000'bfff          Data  Gb  <internal module>
__ICFEDIT_region_RAM_start__ {Abs}
                        0x2000'0000          Data  Gb  <internal module>
__aeabi_cdcmple          0x800'db9d          Code  Gb  DblCmpLe.o [3]
__aeabi_cdrcmple         0x800'dbcd          Code  Gb  DblCmpGe.o [3]
__aeabi_d2iz             0x800'dd39          Code  Gb  DblToS32.o [3]
__aeabi_d2uiz            0x800'e0c5          Code  Gb  DblToU32.o [3]
__aeabi_ddiv             0x800'de7d          Code  Gb  DblDiv.o [3]
__aeabi_dmul             0x800'e109          Code  Gb  DblMul.o [3]
__aeabi_dsub             0x800'dd99          Code  Gb  DblSub.o [3]
__aeabi_i2d              0x800'dd75          Code  Gb  S32ToDbl.o [3]
__aeabi_ldiv0            0x800'e659          Code  Gb  I64DivZer.o [4]
__aeabi_memclr           0x800'c7b5          Code  Gb  ABImemclr.o [4]
__aeabi_memcpy           0x800'6c9d          Code  Gb  ABImemcpy.o [4]
__aeabi_memcpy4          0x800'6cbd          Code  Gb  ABImemcpy.o [4]
__aeabi_memcpy8          0x800'6cbd          Code  Gb  ABImemcpy.o [4]
__aeabi_memset           0x800'4131          Code  Gb  ABImemset.o [4]
__aeabi_ui2d             0x800'e0ed          Code  Gb  U32ToDbl.o [3]
__aeabi_uldivmod         0x800'e2b5          Code  Gb  I64DivMod.o [4]
__cmain                  0x800'f2f9          Code  Gb  cmain.o [4]
__exit                   0x800'e65d    0x14  Code  Gb  exit.o [5]
__iar_Fail_s             0x800'da95    0x1c  Code  Gb  xfail_s.o [2]
__iar_Mbcurmax           0x800'e2ab     0xa  Code  Gb  xmbcurmax.o [2]
__iar_Memchr             0x800'dad5          Code  Gb  memchr.o [4]
__iar_Memset             0x800'4131          Code  Gb  ABImemset.o [4]
__iar_Memset_word        0x800'4139          Code  Gb  ABImemset.o [4]
__iar_Stdout            0x2000'00cc    0x48  Data  Gb  xfiles.o [2]
__iar_Strchr             0x800'da01          Code  Gb  strchr.o [4]
__iar_dadd               0x800'dda9          Code  Gb  DblSub.o [3]
__iar_data_init3         0x800'f1dd    0x28  Code  Gb  data_init.o [4]
__iar_dsub               0x800'e4ed          Code  Gb  DblAdd.o [3]
__iar_dsubStart          0x800'e4ff          Code  Gb  DblAdd.o [3]
__iar_frexp              0x800'db39          Code  Gb  frexp.o [3]
__iar_frexp64            0x800'db2d          Code  Gb  frexp.o [3]
__iar_frexpl             0x800'db39          Code  Gb  frexp.o [3]
__iar_globLocale        0x2000'0084    0x48  Data  Lc  xlocale_c.o [2]
__iar_global_Locale      0x800'da19     0x4  Code  Gb  xlocale_c.o [2]
__iar_ldexp64            0x800'dbfd          Code  Gb  ldexp.o [3]
__iar_lz77_init_single3
                         0x800'ef61    0x78  Code  Gb  lz77_init_single.o [4]
__iar_program_start      0x800'f515          Code  Gb  cstartup_M.o [4]
__iar_scalbln64          0x800'dbfd          Code  Gb  ldexp.o [3]
__iar_scalbn64           0x800'dbfd          Code  Gb  ldexp.o [3]
__iar_zero_init3         0x800'6c61    0x3a  Code  Gb  zero_init3.o [4]
__low_level_init         0x800'f317     0x4  Code  Gb  low_level_init.o [2]
__vector_table           0x800'4000          Data  Gb  startup_stm32f10x_hd.o [1]
_call_main               0x800'f305          Code  Gb  cmain.o [4]
_exit                    0x800'f321          Code  Gb  cexit.o [4]
_gLocale_mblen           0x800'da81     0x4  Code  Gb  xlocale_c.o [2]
_gLocale_mblenInt        0x800'da45    0x2c  Code  Gb  xlocale_c.o [2]
_gLocale_wctomb          0x800'da85     0x4  Code  Gb  xlocale_c.o [2]
_gLocale_wctombInt       0x800'da7d     0x4  Code  Gb  xlocale_c.o [2]
_main                    0x800'f313          Code  Gb  cmain.o [4]
a_GetCrc                 0x800'6f79    0x48  Code  Gb  AnyID_Stdlib.o [1]
abort                    0x800'e4e5     0x6  Code  Gb  abort.o [2]
exit                     0x800'f31b     0x4  Code  Gb  exit.o [2]
fputc                    0x800'c0dd    0x12  Code  Gb  Rtos_HL.o [1]
frexp                    0x800'db2d          Code  Gb  frexp.o [3]
frexpl                   0x800'db2d          Code  Gb  frexp.o [3]
g_aWifiTmpBuf           0x2000'86b8   0x100  Data  Gb  AnyID_CanFestival_Wifi.o [1]
g_hCanComStatus         0x2000'8b08     0x4  Data  Gb  AnyID_CanFestival_Can_HL.o [1]
g_hCanRxQueue           0x2000'8b00     0x4  Data  Gb  AnyID_CanFestival_Can_HL.o [1]
g_hCanTxQueue           0x2000'8b04     0x4  Data  Gb  AnyID_CanFestival_Can_HL.o [1]
g_hDevice_CanRxDispatch
                        0x2000'8b10     0x4  Data  Gb  AnyID_CanFestival_SysCfg.o [1]
g_hDevice_CanTxDispatch
                        0x2000'8b14     0x4  Data  Gb  AnyID_CanFestival_SysCfg.o [1]
g_hDevice_DeviceLedDispatch
                        0x2000'8b28     0x4  Data  Gb  AnyID_CanFestival_SysCfg.o [1]
g_hDevice_HeartDispatch
                        0x2000'8b24     0x4  Data  Gb  AnyID_CanFestival_SysCfg.o [1]
g_hDevice_MainDispatch  0x2000'8b20     0x4  Data  Gb  AnyID_CanFestival_SysCfg.o [1]
g_hDevice_UartRxDispatch
                        0x2000'8b18     0x4  Data  Gb  AnyID_CanFestival_SysCfg.o [1]
g_hDevice_UartTxDispatch
                        0x2000'8b1c     0x4  Data  Gb  AnyID_CanFestival_SysCfg.o [1]
g_hUartComStatus        0x2000'8b34     0x4  Data  Gb  AnyID_CanFestival_Uart.o [1]
g_hUartRxQueue          0x2000'8b2c     0x4  Data  Gb  AnyID_CanFestival_Uart.o [1]
g_hUartTxQueue          0x2000'8b30     0x4  Data  Gb  AnyID_CanFestival_Uart.o [1]
g_hWifi_NetInit         0x2000'8b3c     0x4  Data  Gb  AnyID_CanFestival_Wifi.o [1]
g_nDeviceStatus         0x2000'8b0c     0x4  Data  Gb  AnyID_CanFestival_Device.o [1]
g_nLanDr                0x2000'8bc4     0x2  Data  Gb  stm32f10x_it.o [1]
g_nLanSr                0x2000'8bc2     0x2  Data  Gb  stm32f10x_it.o [1]
g_nLogBuffer            0x2000'7f40   0x120  Data  Gb  Rtos_HL.o [1]
g_nLogDr                0x2000'8bbe     0x2  Data  Gb  stm32f10x_it.o [1]
g_nLogSr                0x2000'8bbc     0x2  Data  Gb  stm32f10x_it.o [1]
g_nPeriphLedStatus      0x2000'8bc6     0x1  Data  Gb  AnyID_CanFestival_Periph_HL.o [1]
g_nRtcMonth             0x2000'0000    0x30  Data  Lc  AnyID_CanFestival_RTC.o [1]
g_nRtcRealTime          0x2000'8a24    0x18  Data  Gb  AnyID_CanFestival_RTC.o [1]
g_nSysTick              0x2000'8b5c     0x4  Data  Gb  Rtos_HL.o [1]
g_nUartSr               0x2000'8bc0     0x2  Data  Gb  stm32f10x_it.o [1]
g_nWifiStatus           0x2000'8b38     0x4  Data  Gb  AnyID_CanFestival_Wifi.o [1]
g_sCanRspFrame          0x2000'8a3c    0x14  Data  Gb  AnyID_CanFestival_Can_HL.o [1]
g_sDeviceOp             0x2000'89a4    0x40  Data  Gb  AnyID_CanFestival_Device.o [1]
g_sDeviceParams         0x2000'88a0    0xb4  Data  Gb  AnyID_CanFestival_Device.o [1]
g_sDeviceSubInfo        0x2000'7914   0x3c0  Data  Gb  AnyID_CanFestival_Device.o [1]
g_sFramBootParamenter   0x2000'8af0     0x8  Data  Gb  AnyID_CanFestival_FRam.o [1]
g_sLanRxFrame           0x2000'8060   0x110  Data  Gb  AnyID_CanFestival_Lan.o [1]
g_sLanTxFrame           0x2000'84a0   0x10c  Data  Gb  AnyID_CanFestival_Lan.o [1]
g_sRspCanFrame          0x2000'8a50    0x14  Data  Gb  AnyID_CanFestival_Can_HL.o [1]
g_sUartRxFrame          0x2000'8170   0x110  Data  Gb  AnyID_CanFestival_Uart_Receive.o [1]
g_sUartTempRcvFrame     0x2000'8390   0x110  Data  Gb  AnyID_CanFestival_Wifi.o [1]
g_sUartTxFrame          0x2000'85ac   0x10c  Data  Gb  AnyID_CanFestival_Uart_Receive.o [1]
g_sWifiOpRegs           0x2000'87b8    0xe8  Data  Gb  AnyID_CanFestival_Wifi.o [1]
g_sWifiRxFrame          0x2000'8280   0x110  Data  Gb  AnyID_CanFestival_Wifi.o [1]
ldexp                    0x800'dbfd          Code  Gb  ldexp.o [3]
ldexpl                   0x800'dbfd          Code  Gb  ldexp.o [3]
localeconv               0x800'da89     0x4  Code  Gb  xlocale_c.o [2]
main                     0x800'f1ad    0x30  Code  Gb  main.o [1]
memchr                   0x800'dad5          Code  Gb  memchr.o [4]
obuf                    0x2000'8954    0x50  Data  Lc  xfiles.o [2]
pcInterruptPriorityRegisters
                         0x800'f600     0x4  Data  Lc  port.o [1]
printf                   0x800'b3d1    0x28  Code  Gb  printf.o [2]
prvAddCurrentTaskToDelayedList
                         0x800'9401    0xba  Code  Lc  tasks.o [1]
prvAddNewTaskToReadyList
                         0x800'82a7    0xc0  Code  Lc  tasks.o [1]
prvCheckForValidListAndQueue
                         0x800'be47    0x46  Code  Lc  timers.o [1]
prvCheckTasksWaitingTermination
                         0x800'8ffb    0x3a  Code  Lc  tasks.o [1]
prvCopyDataFromQueue     0x800'7c07    0x36  Code  Lc  queue.o [1]
prvCopyDataToQueue       0x800'7b6b    0x9c  Code  Lc  queue.o [1]
prvDeleteTCB             0x800'9045    0x12  Code  Lc  tasks.o [1]
prvGetDisinheritPriorityAfterTimeout
                         0x800'7b55    0x16  Code  Lc  queue.o [1]
prvGetNextExpireTime     0x800'bc6b    0x26  Code  Lc  timers.o [1]
prvHeapInit              0x800'b64f    0x5a  Code  Lc  heap_4.o [1]
prvIdleTask              0x800'8f85    0x24  Code  Lc  tasks.o [1]
prvInitialiseNewQueue    0x800'7267    0x3c  Code  Lc  queue.o [1]
prvInitialiseNewTask     0x800'81a7   0x100  Code  Lc  tasks.o [1]
prvInitialiseTaskLists   0x800'8fa9    0x52  Code  Lc  tasks.o [1]
prvInsertBlockIntoFreeList
                         0x800'b6a9    0x5e  Code  Lc  heap_4.o [1]
prvInsertTimerInActiveList
                         0x800'bcb7    0x50  Code  Lc  timers.o [1]
prvIsQueueEmpty          0x800'7cc5    0x1c  Code  Lc  queue.o [1]
prvIsQueueFull           0x800'7ce1    0x1e  Code  Lc  queue.o [1]
prvNotifyQueueSetContainer
                         0x800'7dff    0xc4  Code  Lc  queue.o [1]
prvProcessExpiredTimer   0x800'bba1    0x3e  Code  Lc  timers.o [1]
prvProcessReceivedCommands
                         0x800'bd07   0x114  Code  Lc  timers.o [1]
prvProcessTimerOrBlockTask
                         0x800'bbfb    0x70  Code  Lc  timers.o [1]
prvReloadTimer           0x800'bb79    0x28  Code  Lc  timers.o [1]
prvResetNextTaskUnblockTime
                         0x800'9057    0x24  Code  Lc  tasks.o [1]
prvSampleTimeNow         0x800'bc91    0x26  Code  Lc  timers.o [1]
prvSampleTimeNow::xLastTime
                        0x2000'8bb4     0x4  Data  Lc  timers.o [1]
prvSwitchTimerLists      0x800'be1b    0x2c  Code  Lc  timers.o [1]
prvTaskExitError         0x800'950d    0x36  Code  Lc  port.o [1]
prvTaskIsTaskSuspended   0x800'8685    0x4e  Code  Lc  tasks.o [1]
prvTimerTask             0x800'bbe1    0x1a  Code  Lc  timers.o [1]
prvUnlockQueue           0x800'7c3d    0x88  Code  Lc  queue.o [1]
putchar                  0x800'f3d9     0xc  Code  Gb  putchar.o [2]
pvPortMalloc             0x800'b495   0x12c  Code  Gb  heap_4.o [1]
pvTaskIncrementMutexHeldCount
                         0x800'93c1    0x16  Code  Gb  tasks.o [1]
pxCurrentTCB            0x2000'8b60     0x4  Data  Gb  tasks.o [1]
pxCurrentTimerList      0x2000'8ba4     0x4  Data  Lc  timers.o [1]
pxDelayedTaskList       0x2000'8b64     0x4  Data  Lc  tasks.o [1]
pxEnd                   0x2000'8b40     0x4  Data  Lc  heap_4.o [1]
pxOverflowDelayedTaskList
                        0x2000'8b68     0x4  Data  Lc  tasks.o [1]
pxOverflowTimerList     0x2000'8ba8     0x4  Data  Lc  timers.o [1]
pxPortInitialiseStack    0x800'94ed    0x20  Code  Gb  port.o [1]
pxReadyTasksLists       0x2000'7cd4   0x26c  Data  Lc  tasks.o [1]
scalbln                  0x800'dbfd          Code  Gb  ldexp.o [3]
scalblnl                 0x800'dbfd          Code  Gb  ldexp.o [3]
scalbn                   0x800'dbfd          Code  Gb  ldexp.o [3]
scalbnl                  0x800'dbfd          Code  Gb  ldexp.o [3]
scale                    0x800'd7d9    0x46  Code  Lc  xprintffull.o [2]
sec_hand                0x2000'8bb8     0x4  Data  Lc  xfail_s.o [2]
sprintf                  0x800'af21    0x40  Code  Gb  sprintf.o [2]
strchr                   0x800'da01          Code  Gb  strchr.o [4]
strlen                   0x800'af61          Code  Gb  strlen.o [4]
strstr                   0x800'c789    0x2c  Code  Gb  strstr.o [2]
ucHeap                  0x2000'0114  0x7800  Data  Lc  heap_4.o [1]
ucMaxSysCallPriority    0x2000'8bc7     0x1  Data  Lc  port.o [1]
ulMaxPRIGROUPValue      0x2000'8b54     0x4  Data  Lc  port.o [1]
ulTaskSwitchedInTime    0x2000'8b9c     0x4  Data  Lc  tasks.o [1]
ulTotalRunTime          0x2000'8ba0     0x4  Data  Lc  tasks.o [1]
uxCriticalNesting       0x2000'0030     0x4  Data  Lc  port.o [1]
uxCurrentNumberOfTasks  0x2000'8b70     0x4  Data  Lc  tasks.o [1]
uxDeletedTasksWaitingCleanUp
                        0x2000'8b6c     0x4  Data  Lc  tasks.o [1]
uxListRemove             0x800'b46b    0x28  Code  Gb  list.o [1]
uxSchedulerSuspended    0x2000'8b98     0x4  Data  Lc  tasks.o [1]
uxTaskGetNumberOfTasks   0x800'8a3d     0x8  Code  Gb  tasks.o [1]
uxTaskNumber            0x2000'8b8c     0x4  Data  Lc  tasks.o [1]
uxTopReadyPriority      0x2000'8b78     0x4  Data  Lc  tasks.o [1]
uxTopUsedPriority       0x2000'0048     0x4  Data  Gb  tasks.o [1]
vListInitialise          0x800'b3f9    0x1e  Code  Gb  list.o [1]
vListInitialiseItem      0x800'b417     0x6  Code  Gb  list.o [1]
vListInsert              0x800'b435    0x36  Code  Gb  list.o [1]
vListInsertEnd           0x800'b41d    0x18  Code  Gb  list.o [1]
vPortEnterCritical       0x800'9603    0x42  Code  Gb  port.o [1]
vPortExitCritical        0x800'9645    0x3a  Code  Gb  port.o [1]
vPortFree                0x800'b5c1    0x8e  Code  Gb  heap_4.o [1]
vPortStartFirstTask      0x800'c1c3          Code  Gb  portasm.o [1]
vPortValidateInterruptPriority
                         0x800'96a9    0x68  Code  Gb  port.o [1]
vQueueAddToRegistry      0x800'7cff    0x68  Code  Gb  queue.o [1]
vQueueDelete             0x800'7b1d    0x38  Code  Gb  queue.o [1]
vQueueUnregisterQueue    0x800'7d67    0x4c  Code  Gb  queue.o [1]
vQueueWaitForMessageRestricted
                         0x800'7db3    0x4c  Code  Gb  queue.o [1]
vTaskDelay               0x800'852d    0x5e  Code  Gb  tasks.o [1]
vTaskDelete              0x800'8367    0xe4  Code  Gb  tasks.o [1]
vTaskInternalSetTimeOutState
                         0x800'8e95    0x12  Code  Gb  tasks.o [1]
vTaskMissedYield         0x800'8f77     0xa  Code  Gb  tasks.o [1]
vTaskPlaceOnEventList    0x800'8ccd    0x44  Code  Gb  tasks.o [1]
vTaskPlaceOnEventListRestricted
                         0x800'8d11    0x68  Code  Gb  tasks.o [1]
vTaskPriorityDisinheritAfterTimeout
                         0x800'9289   0x138  Code  Gb  tasks.o [1]
vTaskResume              0x800'86d3    0xb4  Code  Gb  tasks.o [1]
vTaskStartScheduler      0x800'8857    0x88  Code  Gb  tasks.o [1]
vTaskSuspend             0x800'858b    0xfa  Code  Gb  tasks.o [1]
vTaskSuspendAll          0x800'88df     0xc  Code  Gb  tasks.o [1]
vTaskSwitchContext       0x800'8c1d    0xb0  Code  Gb  tasks.o [1]
xActiveTimerList1       0x2000'8ac8    0x14  Data  Lc  timers.o [1]
xActiveTimerList2       0x2000'8adc    0x14  Data  Lc  timers.o [1]
xDelayedTaskList1       0x2000'8a64    0x14  Data  Lc  tasks.o [1]
xDelayedTaskList2       0x2000'8a78    0x14  Data  Lc  tasks.o [1]
xFreeBytesRemaining     0x2000'8b44     0x4  Data  Lc  heap_4.o [1]
xHeapStructSize          0x800'f5fc     0x4  Data  Lc  heap_4.o [1]
xIdleTaskHandle         0x2000'8b94     0x4  Data  Lc  tasks.o [1]
xMinimumEverFreeBytesRemaining
                        0x2000'8b48     0x4  Data  Lc  heap_4.o [1]
xNextTaskUnblockTime    0x2000'8b90     0x4  Data  Lc  tasks.o [1]
xNumOfOverflows         0x2000'8b88     0x4  Data  Lc  tasks.o [1]
xNumberOfSuccessfulAllocations
                        0x2000'8b4c     0x4  Data  Lc  heap_4.o [1]
xNumberOfSuccessfulFrees
                        0x2000'8b50     0x4  Data  Lc  heap_4.o [1]
xPendedTicks            0x2000'8b80     0x4  Data  Lc  tasks.o [1]
xPendingReadyList       0x2000'8a8c    0x14  Data  Lc  tasks.o [1]
xPortStartScheduler      0x800'9543    0xc0  Code  Gb  port.o [1]
xQueueGenericCreate      0x800'71eb    0x7c  Code  Gb  queue.o [1]
xQueueGenericReset       0x800'7101    0xea  Code  Gb  queue.o [1]
xQueueGenericSend        0x800'72a3   0x21e  Code  Gb  queue.o [1]
xQueueGenericSendFromISR
                         0x800'74c1   0x174  Code  Gb  queue.o [1]
xQueuePeek               0x800'7981   0x190  Code  Gb  queue.o [1]
xQueueReceive            0x800'7635   0x194  Code  Gb  queue.o [1]
xQueueRegistry          0x2000'89e4    0x40  Data  Gb  queue.o [1]
xQueueSemaphoreTake      0x800'77c9   0x1b2  Code  Gb  queue.o [1]
xSchedulerRunning       0x2000'8b7c     0x4  Data  Lc  tasks.o [1]
xStart                  0x2000'8af8     0x8  Data  Lc  heap_4.o [1]
xSuspendedTaskList      0x2000'8ab4    0x14  Data  Lc  tasks.o [1]
xTaskCheckForTimeOut     0x800'8ead    0xca  Code  Gb  tasks.o [1]
xTaskCreate              0x800'8129    0x7e  Code  Gb  tasks.o [1]
xTaskDelayUntil          0x800'844b    0xe2  Code  Gb  tasks.o [1]
xTaskGetSchedulerState   0x800'907b    0x20  Code  Gb  tasks.o [1]
xTaskGetTickCount        0x800'8a35     0x8  Code  Gb  tasks.o [1]
xTaskIncrementTick       0x800'8a7d   0x1a0  Code  Gb  tasks.o [1]
xTaskPriorityDisinherit
                         0x800'918d    0xe2  Code  Gb  tasks.o [1]
xTaskPriorityInherit     0x800'90a9    0xd6  Code  Gb  tasks.o [1]
xTaskRemoveFromEventList
                         0x800'8d7d   0x104  Code  Gb  tasks.o [1]
xTaskResumeAll           0x800'88eb   0x14a  Code  Gb  tasks.o [1]
xTaskResumeFromISR       0x800'8787    0xd0  Code  Gb  tasks.o [1]
xTasksWaitingTermination
                        0x2000'8aa0    0x14  Data  Lc  tasks.o [1]
xTickCount              0x2000'8b74     0x4  Data  Lc  tasks.o [1]
xTimerCreateTimerTask    0x800'bb21    0x58  Code  Gb  timers.o [1]
xTimerQueue             0x2000'8bac     0x4  Data  Lc  timers.o [1]
xTimerTaskHandle        0x2000'8bb0     0x4  Data  Lc  timers.o [1]
xYieldPending           0x2000'8b84     0x4  Data  Lc  tasks.o [1]


[1] = E:\AnyID\Git\RP3423_MB\RP3423_MB\RP3423_MB\Build\Obj
[2] = dl7M_tlf.a
[3] = m7M_tl.a
[4] = rt7M_tl.a
[5] = shb_l.a

  41'741 bytes of readonly  code memory
   1'416 bytes of readonly  data memory (+ 50 absolute)
  43'976 bytes of readwrite data memory

Errors: none
Warnings: none
